Archive member included to satisfy reference by file (symbol)

c:/st/stm32cubeide_1.8.0/stm32cubeide/plugins/com.st.stm32cube.ide.mcu.externaltools.gnu-tools-for-stm32.10.3-2021.10.win32_1.0.0.202111181127/tools/bin/../lib/gcc/arm-none-eabi/10.3.1/../../../../arm-none-eabi/lib/thumb/v7e-m+fp/hard\libc_nano.a(lib_a-errno.o)
                              ./Core/Src/syscalls.o (__errno)
c:/st/stm32cubeide_1.8.0/stm32cubeide/plugins/com.st.stm32cube.ide.mcu.externaltools.gnu-tools-for-stm32.10.3-2021.10.win32_1.0.0.202111181127/tools/bin/../lib/gcc/arm-none-eabi/10.3.1/../../../../arm-none-eabi/lib/thumb/v7e-m+fp/hard\libc_nano.a(lib_a-exit.o)
                              c:/st/stm32cubeide_1.8.0/stm32cubeide/plugins/com.st.stm32cube.ide.mcu.externaltools.gnu-tools-for-stm32.10.3-2021.10.win32_1.0.0.202111181127/tools/bin/../lib/gcc/arm-none-eabi/10.3.1/../../../../arm-none-eabi/lib/thumb/v7e-m+fp/hard/crt0.o (exit)
c:/st/stm32cubeide_1.8.0/stm32cubeide/plugins/com.st.stm32cube.ide.mcu.externaltools.gnu-tools-for-stm32.10.3-2021.10.win32_1.0.0.202111181127/tools/bin/../lib/gcc/arm-none-eabi/10.3.1/../../../../arm-none-eabi/lib/thumb/v7e-m+fp/hard\libc_nano.a(lib_a-impure.o)
                              c:/st/stm32cubeide_1.8.0/stm32cubeide/plugins/com.st.stm32cube.ide.mcu.externaltools.gnu-tools-for-stm32.10.3-2021.10.win32_1.0.0.202111181127/tools/bin/../lib/gcc/arm-none-eabi/10.3.1/../../../../arm-none-eabi/lib/thumb/v7e-m+fp/hard\libc_nano.a(lib_a-exit.o) (_global_impure_ptr)
c:/st/stm32cubeide_1.8.0/stm32cubeide/plugins/com.st.stm32cube.ide.mcu.externaltools.gnu-tools-for-stm32.10.3-2021.10.win32_1.0.0.202111181127/tools/bin/../lib/gcc/arm-none-eabi/10.3.1/../../../../arm-none-eabi/lib/thumb/v7e-m+fp/hard\libc_nano.a(lib_a-init.o)
                              c:/st/stm32cubeide_1.8.0/stm32cubeide/plugins/com.st.stm32cube.ide.mcu.externaltools.gnu-tools-for-stm32.10.3-2021.10.win32_1.0.0.202111181127/tools/bin/../lib/gcc/arm-none-eabi/10.3.1/../../../../arm-none-eabi/lib/thumb/v7e-m+fp/hard/crt0.o (__libc_init_array)
c:/st/stm32cubeide_1.8.0/stm32cubeide/plugins/com.st.stm32cube.ide.mcu.externaltools.gnu-tools-for-stm32.10.3-2021.10.win32_1.0.0.202111181127/tools/bin/../lib/gcc/arm-none-eabi/10.3.1/../../../../arm-none-eabi/lib/thumb/v7e-m+fp/hard\libc_nano.a(lib_a-memset.o)
                              c:/st/stm32cubeide_1.8.0/stm32cubeide/plugins/com.st.stm32cube.ide.mcu.externaltools.gnu-tools-for-stm32.10.3-2021.10.win32_1.0.0.202111181127/tools/bin/../lib/gcc/arm-none-eabi/10.3.1/../../../../arm-none-eabi/lib/thumb/v7e-m+fp/hard/crt0.o (memset)
c:/st/stm32cubeide_1.8.0/stm32cubeide/plugins/com.st.stm32cube.ide.mcu.externaltools.gnu-tools-for-stm32.10.3-2021.10.win32_1.0.0.202111181127/tools/bin/../lib/gcc/arm-none-eabi/10.3.1/../../../../arm-none-eabi/lib/thumb/v7e-m+fp/hard\libm.a(lib_a-w_sqrt.o)
                              ./Core/Src/main.o (sqrt)
c:/st/stm32cubeide_1.8.0/stm32cubeide/plugins/com.st.stm32cube.ide.mcu.externaltools.gnu-tools-for-stm32.10.3-2021.10.win32_1.0.0.202111181127/tools/bin/../lib/gcc/arm-none-eabi/10.3.1/../../../../arm-none-eabi/lib/thumb/v7e-m+fp/hard\libm.a(lib_a-e_sqrt.o)
                              c:/st/stm32cubeide_1.8.0/stm32cubeide/plugins/com.st.stm32cube.ide.mcu.externaltools.gnu-tools-for-stm32.10.3-2021.10.win32_1.0.0.202111181127/tools/bin/../lib/gcc/arm-none-eabi/10.3.1/../../../../arm-none-eabi/lib/thumb/v7e-m+fp/hard\libm.a(lib_a-w_sqrt.o) (__ieee754_sqrt)
c:/st/stm32cubeide_1.8.0/stm32cubeide/plugins/com.st.stm32cube.ide.mcu.externaltools.gnu-tools-for-stm32.10.3-2021.10.win32_1.0.0.202111181127/tools/bin/../lib/gcc/arm-none-eabi/10.3.1/thumb/v7e-m+fp/hard\libgcc.a(_arm_muldf3.o)
                              ./Core/Src/main.o (__aeabi_dmul)
c:/st/stm32cubeide_1.8.0/stm32cubeide/plugins/com.st.stm32cube.ide.mcu.externaltools.gnu-tools-for-stm32.10.3-2021.10.win32_1.0.0.202111181127/tools/bin/../lib/gcc/arm-none-eabi/10.3.1/thumb/v7e-m+fp/hard\libgcc.a(_arm_addsubdf3.o)
                              ./Core/Src/main.o (__aeabi_dsub)
c:/st/stm32cubeide_1.8.0/stm32cubeide/plugins/com.st.stm32cube.ide.mcu.externaltools.gnu-tools-for-stm32.10.3-2021.10.win32_1.0.0.202111181127/tools/bin/../lib/gcc/arm-none-eabi/10.3.1/thumb/v7e-m+fp/hard\libgcc.a(_arm_muldivdf3.o)
                              ./Core/Src/main.o (__aeabi_ddiv)
c:/st/stm32cubeide_1.8.0/stm32cubeide/plugins/com.st.stm32cube.ide.mcu.externaltools.gnu-tools-for-stm32.10.3-2021.10.win32_1.0.0.202111181127/tools/bin/../lib/gcc/arm-none-eabi/10.3.1/thumb/v7e-m+fp/hard\libgcc.a(_arm_cmpdf2.o)
                              ./Core/Src/main.o (__aeabi_dcmplt)
c:/st/stm32cubeide_1.8.0/stm32cubeide/plugins/com.st.stm32cube.ide.mcu.externaltools.gnu-tools-for-stm32.10.3-2021.10.win32_1.0.0.202111181127/tools/bin/../lib/gcc/arm-none-eabi/10.3.1/thumb/v7e-m+fp/hard\libgcc.a(_arm_unorddf2.o)
[...]
Memory Configuration

Name             Origin             Length             Attributes
RAM              0x0000000020000000 0x0000000000020000 xrw
FLASH            0x0000000008000000 0x0000000000080000 xr
*default*        0x0000000000000000 0xffffffffffffffff

Linker script and memory map

LOAD c:/st/stm32cubeide_1.8.0/stm32cubeide/plugins/com.st.stm32cube.ide.mcu.externaltools.gnu-tools-for-stm32.10.3-2021.10.win32_1.0.0.202111181127/tools/bin/../lib/gcc/arm-none-eabi/10.3.1/thumb/v7e-m+fp/hard/crti.o
LOAD c:/st/stm32cubeide_1.8.0/stm32cubeide/plugins/com.st.stm32cube.ide.mcu.externaltools.gnu-tools-for-stm32.10.3-2021.10.win32_1.0.0.202111181127/tools/bin/../lib/gcc/arm-none-eabi/10.3.1/thumb/v7e-m+fp/hard/crtbegin.o
LOAD c:/st/stm32cubeide_1.8.0/stm32cubeide/plugins/com.st.stm32cube.ide.mcu.externaltools.gnu-tools-for-stm32.10.3-2021.10.win32_1.0.0.202111181127/tools/bin/../lib/gcc/arm-none-eabi/10.3.1/../../../../arm-none-eabi/lib/thumb/v7e-m+fp/hard/crt0.o
LOAD ./Core/Src/main.o
LOAD ./Core/Src/stm32f4xx_hal_msp.o
LOAD ./Core/Src/stm32f4xx_it.o
LOAD ./Core/Src/syscalls.o
LOAD ./Core/Src/sysmem.o
LOAD ./Core/Src/system_stm32f4xx.o
LOAD ./Core/Startup/startup_stm32f411retx.o
LOAD ./Drivers/STM32F4xx_HAL_Driver/Src/stm32f4xx_hal.o
LOAD ./Drivers/STM32F4xx_HAL_Driver/Src/stm32f4xx_hal_cortex.o
LOAD ./Drivers/STM32F4xx_HAL_Driver/Src/stm32f4xx_hal_dma.o
LOAD ./Drivers/STM32F4xx_HAL_Driver/Src/stm32f4xx_hal_dma_ex.o
LOAD ./Drivers/STM32F4xx_HAL_Driver/Src/stm32f4xx_hal_exti.o
LOAD ./Drivers/STM32F4xx_HAL_Driver/Src/stm32f4xx_hal_flash.o
LOAD ./Drivers/STM32F4xx_HAL_Driver/Src/stm32f4xx_hal_flash_ex.o
LOAD ./Drivers/STM32F4xx_HAL_Driver/Src/stm32f4xx_hal_flash_ramfunc.o
LOAD ./Drivers/STM32F4xx_HAL_Driver/Src/stm32f4xx_hal_gpio.o
LOAD ./Drivers/STM32F4xx_HAL_Driver/Src/stm32f4xx_hal_i2c.o
LOAD ./Drivers/STM32F4xx_HAL_Driver/Src/stm32f4xx_hal_i2c_ex.o
LOAD ./Drivers/STM32F4xx_HAL_Driver/Src/stm32f4xx_hal_pwr.o
LOAD ./Drivers/STM32F4xx_HAL_Driver/Src/stm32f4xx_hal_pwr_ex.o
LOAD ./Drivers/STM32F4xx_HAL_Driver/Src/stm32f4xx_hal_rcc.o
LOAD ./Drivers/STM32F4xx_HAL_Driver/Src/stm32f4xx_hal_rcc_ex.o
LOAD ./Drivers/STM32F4xx_HAL_Driver/Src/stm32f4xx_hal_spi.o
LOAD ./Drivers/STM32F4xx_HAL_Driver/Src/stm32f4xx_hal_tim.o
LOAD ./Drivers/STM32F4xx_HAL_Driver/Src/stm32f4xx_hal_tim_ex.o
LOAD ./Drivers/STM32F4xx_HAL_Driver/Src/stm32f4xx_hal_uart.o
START GROUP
LOAD c:/st/stm32cubeide_1.8.0/stm32cubeide/plugins/com.st.stm32cube.ide.mcu.externaltools.gnu-tools-for-stm32.10.3-2021.10.win32_1.0.0.202111181127/tools/bin/../lib/gcc/arm-none-eabi/10.3.1/../../../../arm-none-eabi/lib/thumb/v7e-m+fp/hard\libc_nano.a
LOAD c:/st/stm32cubeide_1.8.0/stm32cubeide/plugins/com.st.stm32cube.ide.mcu.externaltools.gnu-tools-for-stm32.10.3-2021.10.win32_1.0.0.202111181127/tools/bin/../lib/gcc/arm-none-eabi/10.3.1/../../../../arm-none-eabi/lib/thumb/v7e-m+fp/hard\libm.a
END GROUP
START GROUP
LOAD c:/st/stm32cubeide_1.8.0/stm32cubeide/plugins/com.st.stm32cube.ide.mcu.externaltools.gnu-tools-for-stm32.10.3-2021.10.win32_1.0.0.202111181127/tools/bin/../lib/gcc/arm-none-eabi/10.3.1/thumb/v7e-m+fp/hard\libgcc.a
LOAD c:/st/stm32cubeide_1.8.0/stm32cubeide/plugins/com.st.stm32cube.ide.mcu.externaltools.gnu-tools-for-stm32.10.3-2021.10.win32_1.0.0.202111181127/tools/bin/../lib/gcc/arm-none-eabi/10.3.1/../../../../arm-none-eabi/lib/thumb/v7e-m+fp/hard\libc_nano.a
END GROUP
START GROUP
LOAD c:/st/stm32cubeide_1.8.0/stm32cubeide/plugins/com.st.stm32cube.ide.mcu.externaltools.gnu-tools-for-stm32.10.3-2021.10.win32_1.0.0.202111181127/tools/bin/../lib/gcc/arm-none-eabi/10.3.1/thumb/v7e-m+fp/hard\libgcc.a
LOAD c:/st/stm32cubeide_1.8.0/stm32cubeide/plugins/com.st.stm32cube.ide.mcu.externaltools.gnu-tools-for-stm32.10.3-2021.10.win32_1.0.0.202111181127/tools/bin/../lib/gcc/arm-none-eabi/10.3.1/../../../../arm-none-eabi/lib/thumb/v7e-m+fp/hard\libc_nano.a
LOAD c:/st/stm32cubeide_1.8.0/stm32cubeide/plugins/com.st.stm32cube.ide.mcu.externaltools.gnu-tools-for-stm32.10.3-2021.10.win32_1.0.0.202111181127/tools/bin/../lib/gcc/arm-none-eabi/10.3.1/../../../../arm-none-eabi/lib/thumb/v7e-m+fp/hard\libnosys.a
END GROUP
START GROUP
LOAD c:/st/stm32cubeide_1.8.0/stm32cubeide/plugins/com.st.stm32cube.ide.mcu.externaltools.gnu-tools-for-stm32.10.3-2021.10.win32_1.0.0.202111181127/tools/bin/../lib/gcc/arm-none-eabi/10.3.1/thumb/v7e-m+fp/hard\libgcc.a
LOAD c:/st/stm32cubeide_1.8.0/stm32cubeide/plugins/com.st.stm32cube.ide.mcu.externaltools.gnu-tools-for-stm32.10.3-2021.10.win32_1.0.0.202111181127/tools/bin/../lib/gcc/arm-none-eabi/10.3.1/../../../../arm-none-eabi/lib/thumb/v7e-m+fp/hard\libc_nano.a
LOAD c:/st/stm32cubeide_1.8.0/stm32cubeide/plugins/com.st.stm32cube.ide.mcu.externaltools.gnu-tools-for-stm32.10.3-2021.10.win32_1.0.0.202111181127/tools/bin/../lib/gcc/arm-none-eabi/10.3.1/../../../../arm-none-eabi/lib/thumb/v7e-m+fp/hard\libnosys.a
END GROUP
LOAD c:/st/stm32cubeide_1.8.0/stm32cubeide/plugins/com.st.stm32cube.ide.mcu.externaltools.gnu-tools-for-stm32.10.3-2021.10.win32_1.0.0.202111181127/tools/bin/../lib/gcc/arm-none-eabi/10.3.1/thumb/v7e-m+fp/hard/crtend.o
LOAD c:/st/stm32cubeide_1.8.0/stm32cubeide/plugins/com.st.stm32cube.ide.mcu.externaltools.gnu-tools-for-stm32.10.3-2021.10.win32_1.0.0.202111181127/tools/bin/../lib/gcc/arm-none-eabi/10.3.1/thumb/v7e-m+fp/hard/crtn.o
                0x0000000020020000                _estack = (ORIGIN (RAM) + LENGTH (RAM))
                0x0000000000000200                _Min_Heap_Size = 0x200
                0x0000000000000400                _Min_Stack_Size = 0x400

.isr_vector     0x0000000008000000      0x198
                0x0000000008000000                . = ALIGN (0x4)
 *(.isr_vector)
 .isr_vector    0x0000000008000000      0x198 ./Core/Startup/startup_stm32f411retx.o
                0x0000000008000000                g_pfnVectors
                0x0000000008000198                . = ALIGN (0x4)

.text           0x0000000008000198     0xbaa0
                0x0000000008000198                . = ALIGN (0x4)
 *(.text)
 .text          0x0000000008000198       0x40 c:/st/stm32cubeide_1.8.0/stm32cubeide/plugins/com.st.stm32cube.ide.mcu.externaltools.gnu-tools-for-stm32.10.3-2021.10.win32_1.0.0.202111181127/tools/bin/../lib/gcc/arm-none-eabi/10.3.1/thumb/v7e-m+fp/hard/crtbegin.o
 .text          0x00000000080001d8      0x378 c:/st/stm32cubeide_1.8.0/stm32cubeide/plugins/com.st.stm32cube.ide.mcu.externaltools.gnu-tools-for-stm32.10.3-2021.10.win32_1.0.0.202111181127/tools/bin/../lib/gcc/arm-none-eabi/10.3.1/thumb/v7e-m+fp/hard\libgcc.a(_arm_addsubdf3.o)
                0x00000000080001d8                __aeabi_drsub
                0x00000000080001e0                __aeabi_dsub
                0x00000000080001e0                __subdf3
                0x00000000080001e4                __aeabi_dadd
                0x00000000080001e4                __adddf3
                0x000000000800045c                __floatunsidf
                0x000000000800045c                __aeabi_ui2d
                0x000000000800047c                __floatsidf
                0x000000000800047c                __aeabi_i2d
                0x00000000080004a0                __aeabi_f2d
                0x00000000080004a0                __extendsfdf2
                0x00000000080004e4                __floatundidf
                0x00000000080004e4                __aeabi_ul2d
                0x00000000080004f4                __floatdidf
                0x00000000080004f4                __aeabi_l2d
 .text          0x0000000008000550      0x424 c:/st/stm32cubeide_1.8.0/stm32cubeide/plugins/com.st.stm32cube.ide.mcu.externaltools.gnu-tools-for-stm32.10.3-2021.10.win32_1.0.0.202111181127/tools/bin/../lib/gcc/arm-none-eabi/10.3.1/thumb/v7e-m+fp/hard\libgcc.a(_arm_muldivdf3.o)
                0x0000000008000550                __aeabi_dmul
                0x0000000008000550                __muldf3
                0x00000000080007a4                __divdf3
                0x00000000080007a4                __aeabi_ddiv
 .text          0x0000000008000974      0x110 c:/st/stm32cubeide_1.8.0/stm32cubeide/plugins/com.st.stm32cube.ide.mcu.externaltools.gnu-tools-for-stm32.10.3-2021.10.win32_1.0.0.202111181127/tools/bin/../lib/gcc/arm-none-eabi/10.3.1/thumb/v7e-m+fp/hard\libgcc.a(_arm_cmpdf2.o)
                0x0000000008000974                __gtdf2
                0x0000000008000974                __gedf2
                0x000000000800097c                __ltdf2
                0x000000000800097c                __ledf2
                0x0000000008000984                __nedf2
                0x0000000008000984                __eqdf2
                0x0000000008000984                __cmpdf2
                0x0000000008000a00                __aeabi_cdrcmple
                0x0000000008000a10                __aeabi_cdcmpeq
                0x0000000008000a10                __aeabi_cdcmple
                0x0000000008000a20                __aeabi_dcmpeq
                0x0000000008000a34                __aeabi_dcmplt
                0x0000000008000a48                __aeabi_dcmple
                0x0000000008000a5c                __aeabi_dcmpge
                0x0000000008000a70                __aeabi_dcmpgt
 .text          0x0000000008000a84       0x2c c:/st/stm32cubeide_1.8.0/stm32cubeide/plugins/com.st.stm32cube.ide.mcu.externaltools.gnu-tools-for-stm32.10.3-2021.10.win32_1.0.0.202111181127/tools/bin/../lib/gcc/arm-none-eabi/10.3.1/thumb/v7e-m+fp/hard\libgcc.a(_arm_unorddf2.o)
                0x0000000008000a84                __unorddf2
                0x0000000008000a84                __aeabi_dcmpun
 .text          0x0000000008000ab0       0x40 c:/st/stm32cubeide_1.8.0/stm32cubeide/plugins/com.st.stm32cube.ide.mcu.externaltools.gnu-tools-for-stm32.10.3-2021.10.win32_1.0.0.202111181127/tools/bin/../lib/gcc/arm-none-eabi/10.3.1/thumb/v7e-m+fp/hard\libgcc.a(_arm_fixunsdfsi.o)
                0x0000000008000ab0                __aeabi_d2uiz
                0x0000000008000ab0                __fixunsdfsi
 .text          0x0000000008000af0       0xa0 c:/st/stm32cubeide_1.8.0/stm32cubeide/plugins/com.st.stm32cube.ide.mcu.externaltools.gnu-tools-for-stm32.10.3-2021.10.win32_1.0.0.202111181127/tools/bin/../lib/gcc/arm-none-eabi/10.3.1/thumb/v7e-m+fp/hard\libgcc.a(_arm_truncdfsf2.o)
                0x0000000008000af0                __truncdfsf2
                0x0000000008000af0                __aeabi_d2f
 .text          0x0000000008000b90       0x30 c:/st/stm32cubeide_1.8.0/stm32cubeide/plugins/com.st.stm32cube.ide.mcu.externaltools.gnu-tools-for-stm32.10.3-2021.10.win32_1.0.0.202111181127/tools/bin/../lib/gcc/arm-none-eabi/10.3.1/thumb/v7e-m+fp/hard\libgcc.a(_aeabi_uldivmod.o)
                0x0000000008000b90                __aeabi_uldivmod
 .text          0x0000000008000bc0      0x2d0 c:/st/stm32cubeide_1.8.0/stm32cubeide/plugins/com.st.stm32cube.ide.mcu.externaltools.gnu-tools-for-stm32.10.3-2021.10.win32_1.0.0.202111181127/tools/bin/../lib/gcc/arm-none-eabi/10.3.1/thumb/v7e-m+fp/hard\libgcc.a(_udivmoddi4.o)
                0x0000000008000bc0                __udivmoddi4
 .text          0x0000000008000e90        0x4 c:/st/stm32cubeide_1.8.0/stm32cubeide/plugins/com.st.stm32cube.ide.mcu.externaltools.gnu-tools-for-stm32.10.3-2021.10.win32_1.0.0.202111181127/tools/bin/../lib/gcc/arm-none-eabi/10.3.1/thumb/v7e-m+fp/hard\libgcc.a(_dvmd_tls.o)
                0x0000000008000e90                __aeabi_idiv0
                0x0000000008000e90                __aeabi_ldiv0
 *(.text*)
 *fill*         0x0000000008000e94        0x4 
 .text.main     0x0000000008000e98      0x6dc ./Core/Src/main.o
                0x0000000008000e98                main
 .text.SystemClock_Config
                0x0000000008001574       0xd0 ./Core/Src/main.o
                0x0000000008001574                SystemClock_Config
 .text.MX_I2C1_Init
                0x0000000008001644       0x5c ./Core/Src/main.o
 .text.MX_SPI3_Init
                0x00000000080016a0       0x6c ./Core/Src/main.o
 .text.MX_TIM2_Init
                0x000000000800170c      0x100 ./Core/Src/main.o
 .text.MX_TIM11_Init
                0x000000000800180c       0x48 ./Core/Src/main.o
 .text.MX_USART2_UART_Init
                0x0000000008001854       0x58 ./Core/Src/main.o
 .text.MX_DMA_Init
                0x00000000080018ac       0x70 ./Core/Src/main.o
 .text.MX_GPIO_Init
                0x000000000800191c      0x170 ./Core/Src/main.o
 *fill*         0x0000000008001a8c        0x4 
 .text.CascadeController
                0x0000000008001a90      0x5ac ./Core/Src/main.o
                0x0000000008001a90                CascadeController
 .text.reset    0x000000000800203c       0x3c ./Core/Src/main.o
                0x000000000800203c                reset
 .text.set_initial
                0x0000000008002078       0xd0 ./Core/Src/main.o
                0x0000000008002078                set_initial
 .text.set_home
                0x0000000008002148       0x54 ./Core/Src/main.o
                0x0000000008002148                set_home
 *fill*         0x000000000800219c        0x4 
 .text.MoveToStation
                0x00000000080021a0       0xbc ./Core/Src/main.o
                0x00000000080021a0                MoveToStation
 *fill*         0x000000000800225c        0x4 
 .text.inverse_tran
                0x0000000008002260      0x108 ./Core/Src/main.o
                0x0000000008002260                inverse_tran
 .text.lowpass  0x0000000008002368      0x140 ./Core/Src/main.o
                0x0000000008002368                lowpass
 .text.Diff_velo
                0x00000000080024a8       0x68 ./Core/Src/main.o
                0x00000000080024a8                Diff_velo
 .text.Kalman_filter
                0x0000000008002510       0x88 ./Core/Src/main.o
                0x0000000008002510                Kalman_filter
 .text.prediction
                0x0000000008002598       0xac ./Core/Src/main.o
                0x0000000008002598                prediction
 .text.Update   0x0000000008002644      0x1a8 ./Core/Src/main.o
                0x0000000008002644                Update
 .text.Multiply_matrix
                0x00000000080027ec      0x108 ./Core/Src/main.o
                0x00000000080027ec                Multiply_matrix
 .text.PlusOrMinus
                0x00000000080028f4      0x154 ./Core/Src/main.o
                0x00000000080028f4                PlusOrMinus
 .text.equal    0x0000000008002a48       0x72 ./Core/Src/main.o
                0x0000000008002a48                equal
 *fill*         0x0000000008002aba        0x6 
 .text.Trajectory
                0x0000000008002ac0      0x5a8 ./Core/Src/main.o
                0x0000000008002ac0                Trajectory
 .text.Drivemotor
                0x0000000008003068       0xc0 ./Core/Src/main.o
                0x0000000008003068                Drivemotor
 .text.NFcontacton
                0x0000000008003128       0x2c ./Core/Src/main.o
                0x0000000008003128                NFcontacton
 .text.NFgetstate
                0x0000000008003154       0x74 ./Core/Src/main.o
                0x0000000008003154                NFgetstate
 .text.AMT222getpos
                0x00000000080031c8      0x20c ./Core/Src/main.o
                0x00000000080031c8                AMT222getpos
 .text.HAL_SPI_TxRxCpltCallback
                0x00000000080033d4       0x64 ./Core/Src/main.o
                0x00000000080033d4                HAL_SPI_TxRxCpltCallback
 .text.AMT222checkbit
                0x0000000008003438      0x104 ./Core/Src/main.o
                0x0000000008003438                AMT222checkbit
 .text.unwrapping
                0x000000000800353c       0xd8 ./Core/Src/main.o
                0x000000000800353c                unwrapping
 .text.microsecDelay
                0x0000000008003614       0x3c ./Core/Src/main.o
                0x0000000008003614                microsecDelay
 .text.aaabs    0x0000000008003650       0x22 ./Core/Src/main.o
                0x0000000008003650                aaabs
 *fill*         0x0000000008003672        0x2 
 .text.HAL_GPIO_EXTI_Callback
                0x0000000008003674       0xa0 ./Core/Src/main.o
                0x0000000008003674                HAL_GPIO_EXTI_Callback
 .text.HAL_TIM_PeriodElapsedCallback
                0x0000000008003714       0x38 ./Core/Src/main.o
                0x0000000008003714                HAL_TIM_PeriodElapsedCallback
 .text.micros   0x000000000800374c       0x34 ./Core/Src/main.o
                0x000000000800374c                micros
 .text.callUART
                0x0000000008003780      0x298 ./Core/Src/main.o
                0x0000000008003780                callUART
 .text.responseUART
                0x0000000008003a18      0x78c ./Core/Src/main.o
                0x0000000008003a18                responseUART
 .text.tranStation
                0x00000000080041a4       0x78 ./Core/Src/main.o
                0x00000000080041a4                tranStation
 .text.destinationACK
                0x000000000800421c       0x4c ./Core/Src/main.o
                0x000000000800421c                destinationACK
 .text.frameConfig
                0x0000000008004268       0x78 ./Core/Src/main.o
                0x0000000008004268                frameConfig
 .text.checkSum
                0x00000000080042e0       0x26 ./Core/Src/main.o
                0x00000000080042e0                checkSum
 .text.frameSum
                0x0000000008004306       0x40 ./Core/Src/main.o
                0x0000000008004306                frameSum
 *fill*         0x0000000008004346        0x2 
 .text.HAL_UART_RxCpltCallback
                0x0000000008004348       0x30 ./Core/Src/main.o
                0x0000000008004348                HAL_UART_RxCpltCallback
 .text.Error_Handler
                0x0000000008004378        0xa ./Core/Src/main.o
                0x0000000008004378                Error_Handler
 *fill*         0x0000000008004382        0x2 
 .text.HAL_MspInit
                0x0000000008004384       0x50 ./Core/Src/stm32f4xx_hal_msp.o
                0x0000000008004384                HAL_MspInit
 .text.HAL_I2C_MspInit
                0x00000000080043d4       0xb0 ./Core/Src/stm32f4xx_hal_msp.o
                0x00000000080043d4                HAL_I2C_MspInit
 .text.HAL_SPI_MspInit
                0x0000000008004484      0x168 ./Core/Src/stm32f4xx_hal_msp.o
                0x0000000008004484                HAL_SPI_MspInit
 .text.HAL_TIM_Base_MspInit
                0x00000000080045ec       0x88 ./Core/Src/stm32f4xx_hal_msp.o
                0x00000000080045ec                HAL_TIM_Base_MspInit
 .text.HAL_TIM_MspPostInit
                0x0000000008004674       0x70 ./Core/Src/stm32f4xx_hal_msp.o
                0x0000000008004674                HAL_TIM_MspPostInit
 .text.HAL_UART_MspInit
                0x00000000080046e4      0x16c ./Core/Src/stm32f4xx_hal_msp.o
                0x00000000080046e4                HAL_UART_MspInit
 .text.NMI_Handler
                0x0000000008004850        0x6 ./Core/Src/stm32f4xx_it.o
                0x0000000008004850                NMI_Handler
 .text.HardFault_Handler
                0x0000000008004856        0x6 ./Core/Src/stm32f4xx_it.o
                0x0000000008004856                HardFault_Handler
 .text.MemManage_Handler
                0x000000000800485c        0x6 ./Core/Src/stm32f4xx_it.o
                0x000000000800485c                MemManage_Handler
 .text.BusFault_Handler
                0x0000000008004862        0x6 ./Core/Src/stm32f4xx_it.o
                0x0000000008004862                BusFault_Handler
 .text.UsageFault_Handler
                0x0000000008004868        0x6 ./Core/Src/stm32f4xx_it.o
                0x0000000008004868                UsageFault_Handler
 .text.SVC_Handler
                0x000000000800486e        0xe ./Core/Src/stm32f4xx_it.o
                0x000000000800486e                SVC_Handler
 .text.DebugMon_Handler
                0x000000000800487c        0xe ./Core/Src/stm32f4xx_it.o
                0x000000000800487c                DebugMon_Handler
 .text.PendSV_Handler
                0x000000000800488a        0xe ./Core/Src/stm32f4xx_it.o
                0x000000000800488a                PendSV_Handler
 .text.SysTick_Handler
                0x0000000008004898        0xc ./Core/Src/stm32f4xx_it.o
                0x0000000008004898                SysTick_Handler
 .text.DMA1_Stream0_IRQHandler
                0x00000000080048a4       0x14 ./Core/Src/stm32f4xx_it.o
                0x00000000080048a4                DMA1_Stream0_IRQHandler
 .text.DMA1_Stream5_IRQHandler
                0x00000000080048b8       0x14 ./Core/Src/stm32f4xx_it.o
                0x00000000080048b8                DMA1_Stream5_IRQHandler
 .text.DMA1_Stream6_IRQHandler
                0x00000000080048cc       0x14 ./Core/Src/stm32f4xx_it.o
                0x00000000080048cc                DMA1_Stream6_IRQHandler
 .text.EXTI9_5_IRQHandler
                0x00000000080048e0       0x10 ./Core/Src/stm32f4xx_it.o
                0x00000000080048e0                EXTI9_5_IRQHandler
 .text.TIM1_TRG_COM_TIM11_IRQHandler
                0x00000000080048f0       0x14 ./Core/Src/stm32f4xx_it.o
                0x00000000080048f0                TIM1_TRG_COM_TIM11_IRQHandler
 .text.TIM2_IRQHandler
                0x0000000008004904       0x14 ./Core/Src/stm32f4xx_it.o
                0x0000000008004904                TIM2_IRQHandler
 .text.I2C1_EV_IRQHandler
                0x0000000008004918       0x14 ./Core/Src/stm32f4xx_it.o
                0x0000000008004918                I2C1_EV_IRQHandler
 .text.I2C1_ER_IRQHandler
                0x000000000800492c       0x14 ./Core/Src/stm32f4xx_it.o
                0x000000000800492c                I2C1_ER_IRQHandler
 .text.USART2_IRQHandler
                0x0000000008004940       0x14 ./Core/Src/stm32f4xx_it.o
                0x0000000008004940                USART2_IRQHandler
 .text.EXTI15_10_IRQHandler
                0x0000000008004954       0x10 ./Core/Src/stm32f4xx_it.o
                0x0000000008004954                EXTI15_10_IRQHandler
 .text.DMA1_Stream7_IRQHandler
                0x0000000008004964       0x14 ./Core/Src/stm32f4xx_it.o
                0x0000000008004964                DMA1_Stream7_IRQHandler
 .text.SPI3_IRQHandler
                0x0000000008004978       0x14 ./Core/Src/stm32f4xx_it.o
                0x0000000008004978                SPI3_IRQHandler
 .text.SystemInit
                0x000000000800498c       0x24 ./Core/Src/system_stm32f4xx.o
                0x000000000800498c                SystemInit
 .text.Reset_Handler
                0x00000000080049b0       0x50 ./Core/Startup/startup_stm32f411retx.o
                0x00000000080049b0                Reset_Handler
 .text.Default_Handler
                0x0000000008004a00        0x2 ./Core/Startup/startup_stm32f411retx.o
                0x0000000008004a00                RTC_Alarm_IRQHandler
                0x0000000008004a00                EXTI2_IRQHandler
                0x0000000008004a00                SPI4_IRQHandler
                0x0000000008004a00                TIM1_CC_IRQHandler
                0x0000000008004a00                DMA2_Stream5_IRQHandler
                0x0000000008004a00                PVD_IRQHandler
                0x0000000008004a00                SDIO_IRQHandler
                0x0000000008004a00                TAMP_STAMP_IRQHandler
                0x0000000008004a00                EXTI3_IRQHandler
                0x0000000008004a00                TIM1_UP_TIM10_IRQHandler
                0x0000000008004a00                I2C3_ER_IRQHandler
                0x0000000008004a00                EXTI0_IRQHandler
                0x0000000008004a00                I2C2_EV_IRQHandler
                0x0000000008004a00                DMA1_Stream2_IRQHandler
                0x0000000008004a00                FPU_IRQHandler
                0x0000000008004a00                DMA2_Stream2_IRQHandler
                0x0000000008004a00                SPI1_IRQHandler
                0x0000000008004a00                TIM1_BRK_TIM9_IRQHandler
                0x0000000008004a00                DMA2_Stream3_IRQHandler
                0x0000000008004a00                USART6_IRQHandler
                0x0000000008004a00                DMA2_Stream0_IRQHandler
                0x0000000008004a00                TIM4_IRQHandler
                0x0000000008004a00                DMA1_Stream1_IRQHandler
                0x0000000008004a00                TIM3_IRQHandler
                0x0000000008004a00                RCC_IRQHandler
                0x0000000008004a00                Default_Handler
                0x0000000008004a00                ADC_IRQHandler
                0x0000000008004a00                SPI5_IRQHandler
                0x0000000008004a00                TIM5_IRQHandler
                0x0000000008004a00                DMA2_Stream7_IRQHandler
                0x0000000008004a00                I2C3_EV_IRQHandler
                0x0000000008004a00                RTC_WKUP_IRQHandler
                0x0000000008004a00                SPI2_IRQHandler
                0x0000000008004a00                EXTI4_IRQHandler
                0x0000000008004a00                WWDG_IRQHandler
                0x0000000008004a00                OTG_FS_WKUP_IRQHandler
                0x0000000008004a00                EXTI1_IRQHandler
                0x0000000008004a00                I2C2_ER_IRQHandler
                0x0000000008004a00                DMA2_Stream1_IRQHandler
                0x0000000008004a00                FLASH_IRQHandler
                0x0000000008004a00                DMA2_Stream4_IRQHandler
                0x0000000008004a00                USART1_IRQHandler
                0x0000000008004a00                OTG_FS_IRQHandler
                0x0000000008004a00                DMA1_Stream4_IRQHandler
                0x0000000008004a00                DMA2_Stream6_IRQHandler
                0x0000000008004a00                DMA1_Stream3_IRQHandler
 *fill*         0x0000000008004a02        0x2 
 .text.HAL_Init
                0x0000000008004a04       0x44 ./Drivers/STM32F4xx_HAL_Driver/Src/stm32f4xx_hal.o
                0x0000000008004a04                HAL_Init
 .text.HAL_InitTick
                0x0000000008004a48       0x60 ./Drivers/STM32F4xx_HAL_Driver/Src/stm32f4xx_hal.o
                0x0000000008004a48                HAL_InitTick
 .text.HAL_IncTick
                0x0000000008004aa8       0x28 ./Drivers/STM32F4xx_HAL_Driver/Src/stm32f4xx_hal.o
                0x0000000008004aa8                HAL_IncTick
 .text.HAL_GetTick
                0x0000000008004ad0       0x18 ./Drivers/STM32F4xx_HAL_Driver/Src/stm32f4xx_hal.o
                0x0000000008004ad0                HAL_GetTick
 .text.__NVIC_SetPriorityGrouping
                0x0000000008004ae8       0x48 ./Drivers/STM32F4xx_HAL_Driver/Src/stm32f4xx_hal_cortex.o
 .text.__NVIC_GetPriorityGrouping
                0x0000000008004b30       0x1c ./Drivers/STM32F4xx_HAL_Driver/Src/stm32f4xx_hal_cortex.o
 .text.__NVIC_EnableIRQ
                0x0000000008004b4c       0x3c ./Drivers/STM32F4xx_HAL_Driver/Src/stm32f4xx_hal_cortex.o
 .text.__NVIC_SetPriority
                0x0000000008004b88       0x54 ./Drivers/STM32F4xx_HAL_Driver/Src/stm32f4xx_hal_cortex.o
 .text.NVIC_EncodePriority
                0x0000000008004bdc       0x66 ./Drivers/STM32F4xx_HAL_Driver/Src/stm32f4xx_hal_cortex.o
 *fill*         0x0000000008004c42        0x2 
 .text.SysTick_Config
                0x0000000008004c44       0x44 ./Drivers/STM32F4xx_HAL_Driver/Src/stm32f4xx_hal_cortex.o
 .text.HAL_NVIC_SetPriorityGrouping
                0x0000000008004c88       0x16 ./Drivers/STM32F4xx_HAL_Driver/Src/stm32f4xx_hal_cortex.o
                0x0000000008004c88                HAL_NVIC_SetPriorityGrouping
 .text.HAL_NVIC_SetPriority
                0x0000000008004c9e       0x38 ./Drivers/STM32F4xx_HAL_Driver/Src/stm32f4xx_hal_cortex.o
                0x0000000008004c9e                HAL_NVIC_SetPriority
 .text.HAL_NVIC_EnableIRQ
                0x0000000008004cd6       0x1c ./Drivers/STM32F4xx_HAL_Driver/Src/stm32f4xx_hal_cortex.o
                0x0000000008004cd6                HAL_NVIC_EnableIRQ
 .text.HAL_SYSTICK_Config
                0x0000000008004cf2       0x18 ./Drivers/STM32F4xx_HAL_Driver/Src/stm32f4xx_hal_cortex.o
                0x0000000008004cf2                HAL_SYSTICK_Config
 *fill*         0x0000000008004d0a        0x2 
 .text.HAL_DMA_Init
                0x0000000008004d0c      0x15c ./Drivers/STM32F4xx_HAL_Driver/Src/stm32f4xx_hal_dma.o
                0x0000000008004d0c                HAL_DMA_Init
 .text.HAL_DMA_Start_IT
                0x0000000008004e68       0xb0 ./Drivers/STM32F4xx_HAL_Driver/Src/stm32f4xx_hal_dma.o
                0x0000000008004e68                HAL_DMA_Start_IT
 .text.HAL_DMA_Abort
                0x0000000008004f18       0xe0 ./Drivers/STM32F4xx_HAL_Driver/Src/stm32f4xx_hal_dma.o
                0x0000000008004f18                HAL_DMA_Abort
 .text.HAL_DMA_Abort_IT
                0x0000000008004ff8       0x44 ./Drivers/STM32F4xx_HAL_Driver/Src/stm32f4xx_hal_dma.o
                0x0000000008004ff8                HAL_DMA_Abort_IT
 .text.HAL_DMA_IRQHandler
                0x000000000800503c      0x314 ./Drivers/STM32F4xx_HAL_Driver/Src/stm32f4xx_hal_dma.o
                0x000000000800503c                HAL_DMA_IRQHandler
 .text.HAL_DMA_GetState
                0x0000000008005350       0x1c ./Drivers/STM32F4xx_HAL_Driver/Src/stm32f4xx_hal_dma.o
                0x0000000008005350                HAL_DMA_GetState
 .text.DMA_SetConfig
                0x000000000800536c       0x5c ./Drivers/STM32F4xx_HAL_Driver/Src/stm32f4xx_hal_dma.o
 .text.DMA_CalcBaseAndBitshift
                0x00000000080053c8       0x6c ./Drivers/STM32F4xx_HAL_Driver/Src/stm32f4xx_hal_dma.o
 .text.DMA_CheckFifoParam
                0x0000000008005434       0xf8 ./Drivers/STM32F4xx_HAL_Driver/Src/stm32f4xx_hal_dma.o
 .text.HAL_GPIO_Init
                0x000000000800552c      0x308 ./Drivers/STM32F4xx_HAL_Driver/Src/stm32f4xx_hal_gpio.o
                0x000000000800552c                HAL_GPIO_Init
 .text.HAL_GPIO_ReadPin
                0x0000000008005834       0x30 ./Drivers/STM32F4xx_HAL_Driver/Src/stm32f4xx_hal_gpio.o
                0x0000000008005834                HAL_GPIO_ReadPin
 .text.HAL_GPIO_WritePin
                0x0000000008005864       0x32 ./Drivers/STM32F4xx_HAL_Driver/Src/stm32f4xx_hal_gpio.o
                0x0000000008005864                HAL_GPIO_WritePin
 *fill*         0x0000000008005896        0x2 
 .text.HAL_GPIO_EXTI_IRQHandler
                0x0000000008005898       0x30 ./Drivers/STM32F4xx_HAL_Driver/Src/stm32f4xx_hal_gpio.o
                0x0000000008005898                HAL_GPIO_EXTI_IRQHandler
 .text.HAL_I2C_Init
                0x00000000080058c8      0x288 ./Drivers/STM32F4xx_HAL_Driver/Src/stm32f4xx_hal_i2c.o
                0x00000000080058c8                HAL_I2C_Init
 .text.HAL_I2C_Master_Transmit
                0x0000000008005b50      0x1fc ./Drivers/STM32F4xx_HAL_Driver/Src/stm32f4xx_hal_i2c.o
                0x0000000008005b50                HAL_I2C_Master_Transmit
 .text.HAL_I2C_Master_Receive
                0x0000000008005d4c      0x44c ./Drivers/STM32F4xx_HAL_Driver/Src/stm32f4xx_hal_i2c.o
                0x0000000008005d4c                HAL_I2C_Master_Receive
 .text.HAL_I2C_EV_IRQHandler
                0x0000000008006198      0x2e2 ./Drivers/STM32F4xx_HAL_Driver/Src/stm32f4xx_hal_i2c.o
                0x0000000008006198                HAL_I2C_EV_IRQHandler
 .text.HAL_I2C_ER_IRQHandler
                0x000000000800647a      0x14e ./Drivers/STM32F4xx_HAL_Driver/Src/stm32f4xx_hal_i2c.o
                0x000000000800647a                HAL_I2C_ER_IRQHandler
 .text.HAL_I2C_MasterTxCpltCallback
                0x00000000080065c8       0x14 ./Drivers/STM32F4xx_HAL_Driver/Src/stm32f4xx_hal_i2c.o
                0x00000000080065c8                HAL_I2C_MasterTxCpltCallback
 .text.HAL_I2C_MasterRxCpltCallback
                0x00000000080065dc       0x14 ./Drivers/STM32F4xx_HAL_Driver/Src/stm32f4xx_hal_i2c.o
                0x00000000080065dc                HAL_I2C_MasterRxCpltCallback
 .text.HAL_I2C_SlaveTxCpltCallback
                0x00000000080065f0       0x14 ./Drivers/STM32F4xx_HAL_Driver/Src/stm32f4xx_hal_i2c.o
                0x00000000080065f0                HAL_I2C_SlaveTxCpltCallback
 .text.HAL_I2C_SlaveRxCpltCallback
                0x0000000008006604       0x14 ./Drivers/STM32F4xx_HAL_Driver/Src/stm32f4xx_hal_i2c.o
                0x0000000008006604                HAL_I2C_SlaveRxCpltCallback
 .text.HAL_I2C_AddrCallback
                0x0000000008006618       0x1c ./Drivers/STM32F4xx_HAL_Driver/Src/stm32f4xx_hal_i2c.o
                0x0000000008006618                HAL_I2C_AddrCallback
 .text.HAL_I2C_ListenCpltCallback
                0x0000000008006634       0x14 ./Drivers/STM32F4xx_HAL_Driver/Src/stm32f4xx_hal_i2c.o
                0x0000000008006634                HAL_I2C_ListenCpltCallback
 .text.HAL_I2C_MemTxCpltCallback
                0x0000000008006648       0x14 ./Drivers/STM32F4xx_HAL_Driver/Src/stm32f4xx_hal_i2c.o
                0x0000000008006648                HAL_I2C_MemTxCpltCallback
 .text.HAL_I2C_MemRxCpltCallback
                0x000000000800665c       0x14 ./Drivers/STM32F4xx_HAL_Driver/Src/stm32f4xx_hal_i2c.o
                0x000000000800665c                HAL_I2C_MemRxCpltCallback
 .text.HAL_I2C_ErrorCallback
                0x0000000008006670       0x14 ./Drivers/STM32F4xx_HAL_Driver/Src/stm32f4xx_hal_i2c.o
                0x0000000008006670                HAL_I2C_ErrorCallback
 .text.HAL_I2C_AbortCpltCallback
                0x0000000008006684       0x14 ./Drivers/STM32F4xx_HAL_Driver/Src/stm32f4xx_hal_i2c.o
                0x0000000008006684                HAL_I2C_AbortCpltCallback
 .text.I2C_MasterTransmit_TXE
                0x0000000008006698      0x138 ./Drivers/STM32F4xx_HAL_Driver/Src/stm32f4xx_hal_i2c.o
 .text.I2C_MasterTransmit_BTF
                0x00000000080067d0       0xec ./Drivers/STM32F4xx_HAL_Driver/Src/stm32f4xx_hal_i2c.o
 .text.I2C_MemoryTransmit_TXE_BTF
                0x00000000080068bc      0x128 ./Drivers/STM32F4xx_HAL_Driver/Src/stm32f4xx_hal_i2c.o
 .text.I2C_MasterReceive_RXNE
                0x00000000080069e4      0x176 ./Drivers/STM32F4xx_HAL_Driver/Src/stm32f4xx_hal_i2c.o
 .text.I2C_MasterReceive_BTF
                0x0000000008006b5a      0x1d4 ./Drivers/STM32F4xx_HAL_Driver/Src/stm32f4xx_hal_i2c.o
 .text.I2C_Master_SB
                0x0000000008006d2e      0x10c ./Drivers/STM32F4xx_HAL_Driver/Src/stm32f4xx_hal_i2c.o
 .text.I2C_Master_ADD10
                0x0000000008006e3a       0x54 ./Drivers/STM32F4xx_HAL_Driver/Src/stm32f4xx_hal_i2c.o
 .text.I2C_Master_ADDR
                0x0000000008006e8e      0x322 ./Drivers/STM32F4xx_HAL_Driver/Src/stm32f4xx_hal_i2c.o
 .text.I2C_SlaveTransmit_TXE
                0x00000000080071b0       0x7a ./Drivers/STM32F4xx_HAL_Driver/Src/stm32f4xx_hal_i2c.o
 .text.I2C_SlaveTransmit_BTF
                0x000000000800722a       0x42 ./Drivers/STM32F4xx_HAL_Driver/Src/stm32f4xx_hal_i2c.o
 .text.I2C_SlaveReceive_RXNE
                0x000000000800726c       0x7c ./Drivers/STM32F4xx_HAL_Driver/Src/stm32f4xx_hal_i2c.o
 .text.I2C_SlaveReceive_BTF
                0x00000000080072e8       0x44 ./Drivers/STM32F4xx_HAL_Driver/Src/stm32f4xx_hal_i2c.o
 .text.I2C_Slave_ADDR
                0x000000000800732c       0x94 ./Drivers/STM32F4xx_HAL_Driver/Src/stm32f4xx_hal_i2c.o
 .text.I2C_Slave_STOPF
                0x00000000080073c0      0x260 ./Drivers/STM32F4xx_HAL_Driver/Src/stm32f4xx_hal_i2c.o
 .text.I2C_Slave_AF
                0x0000000008007620       0xe0 ./Drivers/STM32F4xx_HAL_Driver/Src/stm32f4xx_hal_i2c.o
 .text.I2C_ITError
                0x0000000008007700      0x264 ./Drivers/STM32F4xx_HAL_Driver/Src/stm32f4xx_hal_i2c.o
 .text.I2C_MasterRequestWrite
                0x0000000008007964      0x104 ./Drivers/STM32F4xx_HAL_Driver/Src/stm32f4xx_hal_i2c.o
 .text.I2C_MasterRequestRead
                0x0000000008007a68      0x19c ./Drivers/STM32F4xx_HAL_Driver/Src/stm32f4xx_hal_i2c.o
 .text.I2C_DMAAbort
                0x0000000008007c04      0x150 ./Drivers/STM32F4xx_HAL_Driver/Src/stm32f4xx_hal_i2c.o
 .text.I2C_WaitOnFlagUntilTimeout
                0x0000000008007d54       0xae ./Drivers/STM32F4xx_HAL_Driver/Src/stm32f4xx_hal_i2c.o
 .text.I2C_WaitOnMasterAddressFlagUntilTimeout
                0x0000000008007e02       0xfe ./Drivers/STM32F4xx_HAL_Driver/Src/stm32f4xx_hal_i2c.o
 .text.I2C_WaitOnTXEFlagUntilTimeout
                0x0000000008007f00       0x82 ./Drivers/STM32F4xx_HAL_Driver/Src/stm32f4xx_hal_i2c.o
 .text.I2C_WaitOnBTFFlagUntilTimeout
                0x0000000008007f82       0x82 ./Drivers/STM32F4xx_HAL_Driver/Src/stm32f4xx_hal_i2c.o
 .text.I2C_WaitOnSTOPRequestThroughIT
                0x0000000008008004       0x64 ./Drivers/STM32F4xx_HAL_Driver/Src/stm32f4xx_hal_i2c.o
 .text.I2C_WaitOnRXNEFlagUntilTimeout
                0x0000000008008068       0xac ./Drivers/STM32F4xx_HAL_Driver/Src/stm32f4xx_hal_i2c.o
 .text.I2C_IsAcknowledgeFailed
                0x0000000008008114       0x5e ./Drivers/STM32F4xx_HAL_Driver/Src/stm32f4xx_hal_i2c.o
 .text.I2C_ConvertOtherXferOptions
                0x0000000008008172       0x36 ./Drivers/STM32F4xx_HAL_Driver/Src/stm32f4xx_hal_i2c.o
 .text.HAL_RCC_OscConfig
                0x00000000080081a8      0x4f0 ./Drivers/STM32F4xx_HAL_Driver/Src/stm32f4xx_hal_rcc.o
                0x00000000080081a8                HAL_RCC_OscConfig
 .text.HAL_RCC_ClockConfig
                0x0000000008008698      0x1cc ./Drivers/STM32F4xx_HAL_Driver/Src/stm32f4xx_hal_rcc.o
                0x0000000008008698                HAL_RCC_ClockConfig
 .text.HAL_RCC_GetSysClockFreq
                0x0000000008008864      0x20c ./Drivers/STM32F4xx_HAL_Driver/Src/stm32f4xx_hal_rcc.o
                0x0000000008008864                HAL_RCC_GetSysClockFreq
 .text.HAL_RCC_GetHCLKFreq
                0x0000000008008a70       0x18 ./Drivers/STM32F4xx_HAL_Driver/Src/stm32f4xx_hal_rcc.o
                0x0000000008008a70                HAL_RCC_GetHCLKFreq
 .text.HAL_RCC_GetPCLK1Freq
                0x0000000008008a88       0x28 ./Drivers/STM32F4xx_HAL_Driver/Src/stm32f4xx_hal_rcc.o
                0x0000000008008a88                HAL_RCC_GetPCLK1Freq
 .text.HAL_RCC_GetPCLK2Freq
                0x0000000008008ab0       0x28 ./Drivers/STM32F4xx_HAL_Driver/Src/stm32f4xx_hal_rcc.o
                0x0000000008008ab0                HAL_RCC_GetPCLK2Freq
 .text.HAL_SPI_Init
                0x0000000008008ad8      0x112 ./Drivers/STM32F4xx_HAL_Driver/Src/stm32f4xx_hal_spi.o
                0x0000000008008ad8                HAL_SPI_Init
 *fill*         0x0000000008008bea        0x2 
 .text.HAL_SPI_TransmitReceive_DMA
                0x0000000008008bec      0x204 ./Drivers/STM32F4xx_HAL_Driver/Src/stm32f4xx_hal_spi.o
                0x0000000008008bec                HAL_SPI_TransmitReceive_DMA
 .text.HAL_SPI_DMAStop
                0x0000000008008df0       0x7e ./Drivers/STM32F4xx_HAL_Driver/Src/stm32f4xx_hal_spi.o
                0x0000000008008df0                HAL_SPI_DMAStop
 *fill*         0x0000000008008e6e        0x2 
 .text.HAL_SPI_IRQHandler
                0x0000000008008e70      0x200 ./Drivers/STM32F4xx_HAL_Driver/Src/stm32f4xx_hal_spi.o
                0x0000000008008e70                HAL_SPI_IRQHandler
 .text.HAL_SPI_RxCpltCallback
                0x0000000008009070       0x14 ./Drivers/STM32F4xx_HAL_Driver/Src/stm32f4xx_hal_spi.o
                0x0000000008009070                HAL_SPI_RxCpltCallback
 .text.HAL_SPI_RxHalfCpltCallback
                0x0000000008009084       0x14 ./Drivers/STM32F4xx_HAL_Driver/Src/stm32f4xx_hal_spi.o
                0x0000000008009084                HAL_SPI_RxHalfCpltCallback
 .text.HAL_SPI_TxRxHalfCpltCallback
                0x0000000008009098       0x14 ./Drivers/STM32F4xx_HAL_Driver/Src/stm32f4xx_hal_spi.o
                0x0000000008009098                HAL_SPI_TxRxHalfCpltCallback
 .text.HAL_SPI_ErrorCallback
                0x00000000080090ac       0x14 ./Drivers/STM32F4xx_HAL_Driver/Src/stm32f4xx_hal_spi.o
                0x00000000080090ac                HAL_SPI_ErrorCallback
 .text.SPI_DMAReceiveCplt
                0x00000000080090c0       0xa8 ./Drivers/STM32F4xx_HAL_Driver/Src/stm32f4xx_hal_spi.o
 .text.SPI_DMATransmitReceiveCplt
                0x0000000008009168       0x90 ./Drivers/STM32F4xx_HAL_Driver/Src/stm32f4xx_hal_spi.o
 .text.SPI_DMAHalfReceiveCplt
                0x00000000080091f8       0x1c ./Drivers/STM32F4xx_HAL_Driver/Src/stm32f4xx_hal_spi.o
 .text.SPI_DMAHalfTransmitReceiveCplt
                0x0000000008009214       0x1c ./Drivers/STM32F4xx_HAL_Driver/Src/stm32f4xx_hal_spi.o
 .text.SPI_DMAError
                0x0000000008009230       0x40 ./Drivers/STM32F4xx_HAL_Driver/Src/stm32f4xx_hal_spi.o
 .text.SPI_DMAAbortOnError
                0x0000000008009270       0x28 ./Drivers/STM32F4xx_HAL_Driver/Src/stm32f4xx_hal_spi.o
 .text.SPI_WaitFlagStateUntilTimeout
                0x0000000008009298      0x110 ./Drivers/STM32F4xx_HAL_Driver/Src/stm32f4xx_hal_spi.o
 .text.SPI_EndRxTransaction
                0x00000000080093a8       0xca ./Drivers/STM32F4xx_HAL_Driver/Src/stm32f4xx_hal_spi.o
 *fill*         0x0000000008009472        0x2 
 .text.SPI_EndRxTxTransaction
                0x0000000008009474       0x84 ./Drivers/STM32F4xx_HAL_Driver/Src/stm32f4xx_hal_spi.o
 .text.HAL_TIM_Base_Init
                0x00000000080094f8       0x9e ./Drivers/STM32F4xx_HAL_Driver/Src/stm32f4xx_hal_tim.o
                0x00000000080094f8                HAL_TIM_Base_Init
 *fill*         0x0000000008009596        0x2 
 .text.HAL_TIM_Base_Start
                0x0000000008009598       0xb4 ./Drivers/STM32F4xx_HAL_Driver/Src/stm32f4xx_hal_tim.o
                0x0000000008009598                HAL_TIM_Base_Start
 .text.HAL_TIM_Base_Start_IT
                0x000000000800964c       0xc4 ./Drivers/STM32F4xx_HAL_Driver/Src/stm32f4xx_hal_tim.o
                0x000000000800964c                HAL_TIM_Base_Start_IT
 .text.HAL_TIM_PWM_Init
                0x0000000008009710       0x9e ./Drivers/STM32F4xx_HAL_Driver/Src/stm32f4xx_hal_tim.o
                0x0000000008009710                HAL_TIM_PWM_Init
 .text.HAL_TIM_PWM_MspInit
                0x00000000080097ae       0x14 ./Drivers/STM32F4xx_HAL_Driver/Src/stm32f4xx_hal_tim.o
                0x00000000080097ae                HAL_TIM_PWM_MspInit
 *fill*         0x00000000080097c2        0x2 
 .text.HAL_TIM_PWM_Start
                0x00000000080097c4      0x160 ./Drivers/STM32F4xx_HAL_Driver/Src/stm32f4xx_hal_tim.o
                0x00000000080097c4                HAL_TIM_PWM_Start
 .text.HAL_TIM_IRQHandler
                0x0000000008009924      0x210 ./Drivers/STM32F4xx_HAL_Driver/Src/stm32f4xx_hal_tim.o
                0x0000000008009924                HAL_TIM_IRQHandler
 .text.HAL_TIM_PWM_ConfigChannel
                0x0000000008009b34      0x184 ./Drivers/STM32F4xx_HAL_Driver/Src/stm32f4xx_hal_tim.o
                0x0000000008009b34                HAL_TIM_PWM_ConfigChannel
 .text.HAL_TIM_ConfigClockSource
                0x0000000008009cb8      0x18e ./Drivers/STM32F4xx_HAL_Driver/Src/stm32f4xx_hal_tim.o
                0x0000000008009cb8                HAL_TIM_ConfigClockSource
 .text.HAL_TIM_OC_DelayElapsedCallback
                0x0000000008009e46       0x14 ./Drivers/STM32F4xx_HAL_Driver/Src/stm32f4xx_hal_tim.o
                0x0000000008009e46                HAL_TIM_OC_DelayElapsedCallback
 .text.HAL_TIM_IC_CaptureCallback
                0x0000000008009e5a       0x14 ./Drivers/STM32F4xx_HAL_Driver/Src/stm32f4xx_hal_tim.o
                0x0000000008009e5a                HAL_TIM_IC_CaptureCallback
 .text.HAL_TIM_PWM_PulseFinishedCallback
                0x0000000008009e6e       0x14 ./Drivers/STM32F4xx_HAL_Driver/Src/stm32f4xx_hal_tim.o
                0x0000000008009e6e                HAL_TIM_PWM_PulseFinishedCallback
 .text.HAL_TIM_TriggerCallback
                0x0000000008009e82       0x14 ./Drivers/STM32F4xx_HAL_Driver/Src/stm32f4xx_hal_tim.o
                0x0000000008009e82                HAL_TIM_TriggerCallback
 *fill*         0x0000000008009e96        0x2 
 .text.TIM_Base_SetConfig
                0x0000000008009e98      0x100 ./Drivers/STM32F4xx_HAL_Driver/Src/stm32f4xx_hal_tim.o
                0x0000000008009e98                TIM_Base_SetConfig
 .text.TIM_OC1_SetConfig
                0x0000000008009f98       0xcc ./Drivers/STM32F4xx_HAL_Driver/Src/stm32f4xx_hal_tim.o
 .text.TIM_OC2_SetConfig
                0x000000000800a064       0xd8 ./Drivers/STM32F4xx_HAL_Driver/Src/stm32f4xx_hal_tim.o
                0x000000000800a064                TIM_OC2_SetConfig
 .text.TIM_OC3_SetConfig
                0x000000000800a13c       0xd4 ./Drivers/STM32F4xx_HAL_Driver/Src/stm32f4xx_hal_tim.o
 .text.TIM_OC4_SetConfig
                0x000000000800a210       0xa0 ./Drivers/STM32F4xx_HAL_Driver/Src/stm32f4xx_hal_tim.o
 .text.TIM_TI1_ConfigInputStage
                0x000000000800a2b0       0x5e ./Drivers/STM32F4xx_HAL_Driver/Src/stm32f4xx_hal_tim.o
 .text.TIM_TI2_ConfigInputStage
                0x000000000800a30e       0x60 ./Drivers/STM32F4xx_HAL_Driver/Src/stm32f4xx_hal_tim.o
 .text.TIM_ITRx_SetConfig
                0x000000000800a36e       0x36 ./Drivers/STM32F4xx_HAL_Driver/Src/stm32f4xx_hal_tim.o
 .text.TIM_ETR_SetConfig
                0x000000000800a3a4       0x40 ./Drivers/STM32F4xx_HAL_Driver/Src/stm32f4xx_hal_tim.o
                0x000000000800a3a4                TIM_ETR_SetConfig
 .text.TIM_CCxChannelCmd
                0x000000000800a3e4       0x4a ./Drivers/STM32F4xx_HAL_Driver/Src/stm32f4xx_hal_tim.o
                0x000000000800a3e4                TIM_CCxChannelCmd
 *fill*         0x000000000800a42e        0x2 
 .text.HAL_TIMEx_MasterConfigSynchronization
                0x000000000800a430       0xdc ./Drivers/STM32F4xx_HAL_Driver/Src/stm32f4xx_hal_tim_ex.o
                0x000000000800a430                HAL_TIMEx_MasterConfigSynchronization
 .text.HAL_TIMEx_CommutCallback
                0x000000000800a50c       0x14 ./Drivers/STM32F4xx_HAL_Driver/Src/stm32f4xx_hal_tim_ex.o
                0x000000000800a50c                HAL_TIMEx_CommutCallback
 .text.HAL_TIMEx_BreakCallback
                0x000000000800a520       0x14 ./Drivers/STM32F4xx_HAL_Driver/Src/stm32f4xx_hal_tim_ex.o
                0x000000000800a520                HAL_TIMEx_BreakCallback
 .text.HAL_UART_Init
                0x000000000800a534       0x9a ./Drivers/STM32F4xx_HAL_Driver/Src/stm32f4xx_hal_uart.o
                0x000000000800a534                HAL_UART_Init
 *fill*         0x000000000800a5ce        0x2 
 .text.HAL_UART_Transmit_DMA
                0x000000000800a5d0       0xfc ./Drivers/STM32F4xx_HAL_Driver/Src/stm32f4xx_hal_uart.o
                0x000000000800a5d0                HAL_UART_Transmit_DMA
 .text.HAL_UART_Receive_DMA
                0x000000000800a6cc       0x60 ./Drivers/STM32F4xx_HAL_Driver/Src/stm32f4xx_hal_uart.o
                0x000000000800a6cc                HAL_UART_Receive_DMA
 .text.HAL_UART_DMAStop
                0x000000000800a72c       0xfe ./Drivers/STM32F4xx_HAL_Driver/Src/stm32f4xx_hal_uart.o
                0x000000000800a72c                HAL_UART_DMAStop
 *fill*         0x000000000800a82a        0x2 
 .text.HAL_UART_IRQHandler
                0x000000000800a82c      0x51c ./Drivers/STM32F4xx_HAL_Driver/Src/stm32f4xx_hal_uart.o
                0x000000000800a82c                HAL_UART_IRQHandler
 .text.HAL_UART_TxCpltCallback
                0x000000000800ad48       0x14 ./Drivers/STM32F4xx_HAL_Driver/Src/stm32f4xx_hal_uart.o
                0x000000000800ad48                HAL_UART_TxCpltCallback
 .text.HAL_UART_TxHalfCpltCallback
                0x000000000800ad5c       0x14 ./Drivers/STM32F4xx_HAL_Driver/Src/stm32f4xx_hal_uart.o
                0x000000000800ad5c                HAL_UART_TxHalfCpltCallback
 .text.HAL_UART_RxHalfCpltCallback
                0x000000000800ad70       0x14 ./Drivers/STM32F4xx_HAL_Driver/Src/stm32f4xx_hal_uart.o
                0x000000000800ad70                HAL_UART_RxHalfCpltCallback
 .text.HAL_UART_ErrorCallback
                0x000000000800ad84       0x14 ./Drivers/STM32F4xx_HAL_Driver/Src/stm32f4xx_hal_uart.o
                0x000000000800ad84                HAL_UART_ErrorCallback
 .text.HAL_UARTEx_RxEventCallback
                0x000000000800ad98       0x18 ./Drivers/STM32F4xx_HAL_Driver/Src/stm32f4xx_hal_uart.o
                0x000000000800ad98                HAL_UARTEx_RxEventCallback
 .text.UART_DMATransmitCplt
                0x000000000800adb0       0x9a ./Drivers/STM32F4xx_HAL_Driver/Src/stm32f4xx_hal_uart.o
 .text.UART_DMATxHalfCplt
                0x000000000800ae4a       0x1c ./Drivers/STM32F4xx_HAL_Driver/Src/stm32f4xx_hal_uart.o
 .text.UART_DMAReceiveCplt
                0x000000000800ae66      0x126 ./Drivers/STM32F4xx_HAL_Driver/Src/stm32f4xx_hal_uart.o
 .text.UART_DMARxHalfCplt
                0x000000000800af8c       0x36 ./Drivers/STM32F4xx_HAL_Driver/Src/stm32f4xx_hal_uart.o
 .text.UART_DMAError
                0x000000000800afc2       0x94 ./Drivers/STM32F4xx_HAL_Driver/Src/stm32f4xx_hal_uart.o
 *fill*         0x000000000800b056        0x2 
 .text.UART_Start_Receive_DMA
                0x000000000800b058      0x13c ./Drivers/STM32F4xx_HAL_Driver/Src/stm32f4xx_hal_uart.o
                0x000000000800b058                UART_Start_Receive_DMA
 .text.UART_EndTxTransfer
                0x000000000800b194       0x50 ./Drivers/STM32F4xx_HAL_Driver/Src/stm32f4xx_hal_uart.o
 .text.UART_EndRxTransfer
                0x000000000800b1e4       0xc6 ./Drivers/STM32F4xx_HAL_Driver/Src/stm32f4xx_hal_uart.o
 .text.UART_DMAAbortOnError
                0x000000000800b2aa       0x28 ./Drivers/STM32F4xx_HAL_Driver/Src/stm32f4xx_hal_uart.o
 .text.UART_Transmit_IT
                0x000000000800b2d2       0xa0 ./Drivers/STM32F4xx_HAL_Driver/Src/stm32f4xx_hal_uart.o
 .text.UART_EndTransmit_IT
                0x000000000800b372       0x30 ./Drivers/STM32F4xx_HAL_Driver/Src/stm32f4xx_hal_uart.o
 .text.UART_Receive_IT
                0x000000000800b3a2      0x176 ./Drivers/STM32F4xx_HAL_Driver/Src/stm32f4xx_hal_uart.o
 .text.UART_SetConfig
                0x000000000800b518      0x4e8 ./Drivers/STM32F4xx_HAL_Driver/Src/stm32f4xx_hal_uart.o
 .text.__errno  0x000000000800ba00        0xc c:/st/stm32cubeide_1.8.0/stm32cubeide/plugins/com.st.stm32cube.ide.mcu.externaltools.gnu-tools-for-stm32.10.3-2021.10.win32_1.0.0.202111181127/tools/bin/../lib/gcc/arm-none-eabi/10.3.1/../../../../arm-none-eabi/lib/thumb/v7e-m+fp/hard\libc_nano.a(lib_a-errno.o)
                0x000000000800ba00                __errno
 .text.__libc_init_array
                0x000000000800ba0c       0x48 c:/st/stm32cubeide_1.8.0/stm32cubeide/plugins/com.st.stm32cube.ide.mcu.externaltools.gnu-tools-for-stm32.10.3-2021.10.win32_1.0.0.202111181127/tools/bin/../lib/gcc/arm-none-eabi/10.3.1/../../../../arm-none-eabi/lib/thumb/v7e-m+fp/hard\libc_nano.a(lib_a-init.o)
                0x000000000800ba0c                __libc_init_array
 .text.memset   0x000000000800ba54       0x10 c:/st/stm32cubeide_1.8.0/stm32cubeide/plugins/com.st.stm32cube.ide.mcu.externaltools.gnu-tools-for-stm32.10.3-2021.10.win32_1.0.0.202111181127/tools/bin/../lib/gcc/arm-none-eabi/10.3.1/../../../../arm-none-eabi/lib/thumb/v7e-m+fp/hard\libc_nano.a(lib_a-memset.o)
                0x000000000800ba54                memset
 .text.sqrt     0x000000000800ba64       0x58 c:/st/stm32cubeide_1.8.0/stm32cubeide/plugins/com.st.stm32cube.ide.mcu.externaltools.gnu-tools-for-stm32.10.3-2021.10.win32_1.0.0.202111181127/tools/bin/../lib/gcc/arm-none-eabi/10.3.1/../../../../arm-none-eabi/lib/thumb/v7e-m+fp/hard\libm.a(lib_a-w_sqrt.o)
                0x000000000800ba64                sqrt
 .text.__ieee754_sqrt
                0x000000000800babc      0x164 c:/st/stm32cubeide_1.8.0/stm32cubeide/plugins/com.st.stm32cube.ide.mcu.externaltools.gnu-tools-for-stm32.10.3-2021.10.win32_1.0.0.202111181127/tools/bin/../lib/gcc/arm-none-eabi/10.3.1/../../../../arm-none-eabi/lib/thumb/v7e-m+fp/hard\libm.a(lib_a-e_sqrt.o)
                0x000000000800babc                __ieee754_sqrt
 *(.glue_7)
 .glue_7        0x000000000800bc20        0x0 linker stubs
 *(.glue_7t)
 .glue_7t       0x000000000800bc20        0x0 linker stubs
 *(.eh_frame)
 .eh_frame      0x000000000800bc20        0x0 c:/st/stm32cubeide_1.8.0/stm32cubeide/plugins/com.st.stm32cube.ide.mcu.externaltools.gnu-tools-for-stm32.10.3-2021.10.win32_1.0.0.202111181127/tools/bin/../lib/gcc/arm-none-eabi/10.3.1/thumb/v7e-m+fp/hard/crtbegin.o
 *(.init)
 .init          0x000000000800bc20        0x4 c:/st/stm32cubeide_1.8.0/stm32cubeide/plugins/com.st.stm32cube.ide.mcu.externaltools.gnu-tools-for-stm32.10.3-2021.10.win32_1.0.0.202111181127/tools/bin/../lib/gcc/arm-none-eabi/10.3.1/thumb/v7e-m+fp/hard/crti.o
                0x000000000800bc20                _init
 .init          0x000000000800bc24        0x8 c:/st/stm32cubeide_1.8.0/stm32cubeide/plugins/com.st.stm32cube.ide.mcu.externaltools.gnu-tools-for-stm32.10.3-2021.10.win32_1.0.0.202111181127/tools/bin/../lib/gcc/arm-none-eabi/10.3.1/thumb/v7e-m+fp/hard/crtn.o
 *(.fini)
 .fini          0x000000000800bc2c        0x4 c:/st/stm32cubeide_1.8.0/stm32cubeide/plugins/com.st.stm32cube.ide.mcu.externaltools.gnu-tools-for-stm32.10.3-2021.10.win32_1.0.0.202111181127/tools/bin/../lib/gcc/arm-none-eabi/10.3.1/thumb/v7e-m+fp/hard/crti.o
                0x000000000800bc2c                _fini
 .fini          0x000000000800bc30        0x8 c:/st/stm32cubeide_1.8.0/stm32cubeide/plugins/com.st.stm32cube.ide.mcu.externaltools.gnu-tools-for-stm32.10.3-2021.10.win32_1.0.0.202111181127/tools/bin/../lib/gcc/arm-none-eabi/10.3.1/thumb/v7e-m+fp/hard/crtn.o
                0x000000000800bc38                . = ALIGN (0x4)
                0x000000000800bc38                _etext = .

.vfp11_veneer   0x000000000800bc38        0x0
 .vfp11_veneer  0x000000000800bc38        0x0 linker stubs

.v4_bx          0x000000000800bc38        0x0
 .v4_bx         0x000000000800bc38        0x0 linker stubs

.iplt           0x000000000800bc38        0x0
 .iplt          0x000000000800bc38        0x0 c:/st/stm32cubeide_1.8.0/stm32cubeide/plugins/com.st.stm32cube.ide.mcu.externaltools.gnu-tools-for-stm32.10.3-2021.10.win32_1.0.0.202111181127/tools/bin/../lib/gcc/arm-none-eabi/10.3.1/thumb/v7e-m+fp/hard/crtbegin.o

.rodata         0x000000000800bc38       0x20
                0x000000000800bc38                . = ALIGN (0x4)
 *(.rodata)
 *(.rodata*)
 .rodata.AHBPrescTable
                0x000000000800bc38       0x10 ./Core/Src/system_stm32f4xx.o
                0x000000000800bc38                AHBPrescTable
 .rodata.APBPrescTable
                0x000000000800bc48        0x8 ./Core/Src/system_stm32f4xx.o
                0x000000000800bc48                APBPrescTable
 .rodata.flagBitshiftOffset.0
                0x000000000800bc50        0x8 ./Drivers/STM32F4xx_HAL_Driver/Src/stm32f4xx_hal_dma.o
                0x000000000800bc58                . = ALIGN (0x4)

.ARM.extab      0x000000000800bc58        0x0
                0x000000000800bc58                . = ALIGN (0x4)
 *(.ARM.extab* .gnu.linkonce.armextab.*)
                0x000000000800bc58                . = ALIGN (0x4)

.ARM            0x000000000800bc58        0x8
                0x000000000800bc58                . = ALIGN (0x4)
                0x000000000800bc58                __exidx_start = .
 *(.ARM.exidx*)
 .ARM.exidx     0x000000000800bc58        0x8 c:/st/stm32cubeide_1.8.0/stm32cubeide/plugins/com.st.stm32cube.ide.mcu.externaltools.gnu-tools-for-stm32.10.3-2021.10.win32_1.0.0.202111181127/tools/bin/../lib/gcc/arm-none-eabi/10.3.1/thumb/v7e-m+fp/hard\libgcc.a(_udivmoddi4.o)
                0x000000000800bc60                __exidx_end = .
                0x000000000800bc60                . = ALIGN (0x4)

.rel.dyn        0x000000000800bc60        0x0
 .rel.iplt      0x000000000800bc60        0x0 c:/st/stm32cubeide_1.8.0/stm32cubeide/plugins/com.st.stm32cube.ide.mcu.externaltools.gnu-tools-for-stm32.10.3-2021.10.win32_1.0.0.202111181127/tools/bin/../lib/gcc/arm-none-eabi/10.3.1/thumb/v7e-m+fp/hard/crtbegin.o

.preinit_array  0x000000000800bc60        0x0
                0x000000000800bc60                . = ALIGN (0x4)
                0x000000000800bc60                PROVIDE (__preinit_array_start = .)
 *(.preinit_array*)
                0x000000000800bc60                PROVIDE (__preinit_array_end = .)
                0x000000000800bc60                . = ALIGN (0x4)

.init_array     0x000000000800bc60        0x4
                0x000000000800bc60                . = ALIGN (0x4)
                0x000000000800bc60                PROVIDE (__init_array_start = .)
 *(SORT_BY_NAME(.init_array.*))
 *(.init_array*)
 .init_array    0x000000000800bc60        0x4 c:/st/stm32cubeide_1.8.0/stm32cubeide/plugins/com.st.stm32cube.ide.mcu.externaltools.gnu-tools-for-stm32.10.3-2021.10.win32_1.0.0.202111181127/tools/bin/../lib/gcc/arm-none-eabi/10.3.1/thumb/v7e-m+fp/hard/crtbegin.o
                0x000000000800bc64                PROVIDE (__init_array_end = .)
                0x000000000800bc64                . = ALIGN (0x4)

.fini_array     0x000000000800bc64        0x4
                0x000000000800bc64                . = ALIGN (0x4)
                [!provide]                        PROVIDE (__fini_array_start = .)
 *(SORT_BY_NAME(.fini_array.*))
 *(.fini_array*)
 .fini_array    0x000000000800bc64        0x4 c:/st/stm32cubeide_1.8.0/stm32cubeide/plugins/com.st.stm32cube.ide.mcu.externaltools.gnu-tools-for-stm32.10.3-2021.10.win32_1.0.0.202111181127/tools/bin/../lib/gcc/arm-none-eabi/10.3.1/thumb/v7e-m+fp/hard/crtbegin.o
                [!provide]                        PROVIDE (__fini_array_end = .)
                0x000000000800bc68                . = ALIGN (0x4)
                0x000000000800bc68                _sidata = LOADADDR (.data)

.data           0x0000000020000000      0x1a4 load address 0x000000000800bc68
                0x0000000020000000                . = ALIGN (0x4)
                0x0000000020000000                _sdata = .
 *(.data)
 *(.data*)
 .data.pos_Kp   0x0000000020000000        0x4 ./Core/Src/main.o
                0x0000000020000000                pos_Kp
 .data.pos_Ki   0x0000000020000004        0x4 ./Core/Src/main.o
                0x0000000020000004                pos_Ki
 .data.pos_Kd   0x0000000020000008        0x4 ./Core/Src/main.o
                0x0000000020000008                pos_Kd
 .data.setinitial
                0x000000002000000c        0x1 ./Core/Src/main.o
                0x000000002000000c                setinitial
 *fill*         0x000000002000000d        0x3 
 .data.offset   0x0000000020000010        0x4 ./Core/Src/main.o
                0x0000000020000010                offset
 .data.limitOmega
                0x0000000020000014        0x4 ./Core/Src/main.o
                0x0000000020000014                limitOmega
 .data.ACK1     0x0000000020000018        0x2 ./Core/Src/main.o
                0x0000000020000018                ACK1
 *fill*         0x000000002000001a        0x2 
 .data.ACK2     0x000000002000001c        0x2 ./Core/Src/main.o
                0x000000002000001c                ACK2
 .data.nbyte    0x000000002000001e        0x1 ./Core/Src/main.o
                0x000000002000001e                nbyte
 .data.NFREG_ON
                0x000000002000001f        0x1 ./Core/Src/main.o
                0x000000002000001f                NFREG_ON
 .data.NFREG_INIT
                0x0000000020000020        0x1 ./Core/Src/main.o
                0x0000000020000020                NFREG_INIT
 .data.NFenable
                0x0000000020000021        0x1 ./Core/Src/main.o
                0x0000000020000021                NFenable
 .data.NFwriteFlag
                0x0000000020000022        0x1 ./Core/Src/main.o
                0x0000000020000022                NFwriteFlag
 .data.AMTcomplete
                0x0000000020000023        0x1 ./Core/Src/main.o
                0x0000000020000023                AMTcomplete
 .data.p_max    0x0000000020000024        0x4 ./Core/Src/main.o
                0x0000000020000024                p_max
 .data.e        0x0000000020000028        0x4 ./Core/Src/main.o
                0x0000000020000028                e
 .data.direct   0x000000002000002c        0x1 ./Core/Src/main.o
                0x000000002000002c                direct
 *fill*         0x000000002000002d        0x3 
 .data.limMin   0x0000000020000030        0x4 ./Core/Src/main.o
                0x0000000020000030                limMin
 .data.limMax   0x0000000020000034        0x4 ./Core/Src/main.o
                0x0000000020000034                limMax
 .data.I        0x0000000020000038       0x24 ./Core/Src/main.o
                0x0000000020000038                I
 .data.F_t      0x000000002000005c       0x24 ./Core/Src/main.o
                0x000000002000005c                F_t
 .data.F_t_tran
                0x0000000020000080       0x24 ./Core/Src/main.o
                0x0000000020000080                F_t_tran
 .data.H_t      0x00000000200000a4       0x24 ./Core/Src/main.o
                0x00000000200000a4                H_t
 .data.H_t_tran
                0x00000000200000c8       0x24 ./Core/Src/main.o
                0x00000000200000c8                H_t_tran
 .data.R_t      0x00000000200000ec       0x24 ./Core/Src/main.o
                0x00000000200000ec                R_t
 .data.Q_t      0x0000000020000110       0x24 ./Core/Src/main.o
                0x0000000020000110                Q_t
 .data.SystemCoreClock
                0x0000000020000134        0x4 ./Core/Src/system_stm32f4xx.o
                0x0000000020000134                SystemCoreClock
 .data.uwTickPrio
                0x0000000020000138        0x4 ./Drivers/STM32F4xx_HAL_Driver/Src/stm32f4xx_hal.o
                0x0000000020000138                uwTickPrio
 .data.uwTickFreq
                0x000000002000013c        0x1 ./Drivers/STM32F4xx_HAL_Driver/Src/stm32f4xx_hal.o
                0x000000002000013c                uwTickFreq
 *fill*         0x000000002000013d        0x3 
 .data._impure_ptr
                0x0000000020000140        0x4 c:/st/stm32cubeide_1.8.0/stm32cubeide/plugins/com.st.stm32cube.ide.mcu.externaltools.gnu-tools-for-stm32.10.3-2021.10.win32_1.0.0.202111181127/tools/bin/../lib/gcc/arm-none-eabi/10.3.1/../../../../arm-none-eabi/lib/thumb/v7e-m+fp/hard\libc_nano.a(lib_a-impure.o)
                0x0000000020000140                _impure_ptr
 .data.impure_data
                0x0000000020000144       0x60 c:/st/stm32cubeide_1.8.0/stm32cubeide/plugins/com.st.stm32cube.ide.mcu.externaltools.gnu-tools-for-stm32.10.3-2021.10.win32_1.0.0.202111181127/tools/bin/../lib/gcc/arm-none-eabi/10.3.1/../../../../arm-none-eabi/lib/thumb/v7e-m+fp/hard\libc_nano.a(lib_a-impure.o)
 *(.RamFunc)
 *(.RamFunc*)
                0x00000000200001a4                . = ALIGN (0x4)
                0x00000000200001a4                _edata = .

.igot.plt       0x00000000200001a4        0x0 load address 0x000000000800be0c
 .igot.plt      0x00000000200001a4        0x0 c:/st/stm32cubeide_1.8.0/stm32cubeide/plugins/com.st.stm32cube.ide.mcu.externaltools.gnu-tools-for-stm32.10.3-2021.10.win32_1.0.0.202111181127/tools/bin/../lib/gcc/arm-none-eabi/10.3.1/thumb/v7e-m+fp/hard/crtbegin.o
                0x00000000200001a4                . = ALIGN (0x4)

.bss            0x00000000200001a8      0x670 load address 0x000000000800be0c
                0x00000000200001a8                _sbss = .
                0x00000000200001a8                __bss_start__ = _sbss
 *(.bss)
 .bss           0x00000000200001a8       0x1c c:/st/stm32cubeide_1.8.0/stm32cubeide/plugins/com.st.stm32cube.ide.mcu.externaltools.gnu-tools-for-stm32.10.3-2021.10.win32_1.0.0.202111181127/tools/bin/../lib/gcc/arm-none-eabi/10.3.1/thumb/v7e-m+fp/hard/crtbegin.o
 *(.bss*)
 .bss.hi2c1     0x00000000200001c4       0x54 ./Core/Src/main.o
                0x00000000200001c4                hi2c1
 .bss.hspi3     0x0000000020000218       0x58 ./Core/Src/main.o
                0x0000000020000218                hspi3
 .bss.hdma_spi3_rx
                0x0000000020000270       0x60 ./Core/Src/main.o
                0x0000000020000270                hdma_spi3_rx
 .bss.hdma_spi3_tx
                0x00000000200002d0       0x60 ./Core/Src/main.o
                0x00000000200002d0                hdma_spi3_tx
 .bss.htim2     0x0000000020000330       0x48 ./Core/Src/main.o
                0x0000000020000330                htim2
 .bss.htim11    0x0000000020000378       0x48 ./Core/Src/main.o
                0x0000000020000378                htim11
 .bss.huart2    0x00000000200003c0       0x44 ./Core/Src/main.o
                0x00000000200003c0                huart2
 .bss.hdma_usart2_tx
                0x0000000020000404       0x60 ./Core/Src/main.o
                0x0000000020000404                hdma_usart2_tx
 .bss.hdma_usart2_rx
                0x0000000020000464       0x60 ./Core/Src/main.o
                0x0000000020000464                hdma_usart2_rx
 .bss.velo_Kp   0x00000000200004c4        0x4 ./Core/Src/main.o
                0x00000000200004c4                velo_Kp
 .bss.velo_Ki   0x00000000200004c8        0x4 ./Core/Src/main.o
                0x00000000200004c8                velo_Ki
 .bss.velo_Kd   0x00000000200004cc        0x4 ./Core/Src/main.o
                0x00000000200004cc                velo_Kd
 .bss.nDestination
                0x00000000200004d0        0x1 ./Core/Src/main.o
                0x00000000200004d0                nDestination
 *fill*         0x00000000200004d1        0x3 
 .bss.Destination
                0x00000000200004d4       0x64 ./Core/Src/main.o
                0x00000000200004d4                Destination
 .bss.nStation  0x0000000020000538        0x1 ./Core/Src/main.o
                0x0000000020000538                nStation
 .bss.nowStation
                0x0000000020000539        0x1 ./Core/Src/main.o
                0x0000000020000539                nowStation
 .bss.j         0x000000002000053a        0x1 ./Core/Src/main.o
                0x000000002000053a                j
 .bss.Reached   0x000000002000053b        0x1 ./Core/Src/main.o
                0x000000002000053b                Reached
 .bss.movingFlag
                0x000000002000053c        0x1 ./Core/Src/main.o
                0x000000002000053c                movingFlag
 *fill*         0x000000002000053d        0x3 
 .bss.rad       0x0000000020000540        0x4 ./Core/Src/main.o
                0x0000000020000540                rad
 .bss.n         0x0000000020000544        0x1 ./Core/Src/main.o
                0x0000000020000544                n
 .bss.TxState   0x0000000020000545        0x1 ./Core/Src/main.o
                0x0000000020000545                TxState
 .bss.RxState   0x0000000020000546        0x1 ./Core/Src/main.o
                0x0000000020000546                RxState
 .bss.Start     0x0000000020000547        0x1 ./Core/Src/main.o
                0x0000000020000547                Start
 .bss.Mode      0x0000000020000548        0x1 ./Core/Src/main.o
                0x0000000020000548                Mode
 .bss.sum       0x0000000020000549        0x1 ./Core/Src/main.o
                0x0000000020000549                sum
 *fill*         0x000000002000054a        0x2 
 .bss.Transmit  0x000000002000054c        0x4 ./Core/Src/main.o
                0x000000002000054c                Transmit
 .bss.Receive   0x0000000020000550       0x10 ./Core/Src/main.o
                0x0000000020000550                Receive
 .bss.keepACK   0x0000000020000560        0x2 ./Core/Src/main.o
                0x0000000020000560                keepACK
 .bss.endReceive
                0x0000000020000562        0x1 ./Core/Src/main.o
                0x0000000020000562                endReceive
 .bss.ACKFlag   0x0000000020000563        0x1 ./Core/Src/main.o
                0x0000000020000563                ACKFlag
 .bss.timeStamp
                0x0000000020000564        0x4 ./Core/Src/main.o
                0x0000000020000564                timeStamp
 .bss.HMEtimeStamp
                0x0000000020000568        0x2 ./Core/Src/main.o
                0x0000000020000568                HMEtimeStamp
 *fill*         0x000000002000056a        0x2 
 .bss.send_velocity
                0x000000002000056c        0x4 ./Core/Src/main.o
                0x000000002000056c                send_velocity
 .bss.NFstate   0x0000000020000570        0x1 ./Core/Src/main.o
                0x0000000020000570                NFstate
 *fill*         0x0000000020000571        0x1 
 .bss.NFtimest  0x0000000020000572        0x2 ./Core/Src/main.o
                0x0000000020000572                NFtimest
 .bss.stateI2C  0x0000000020000574        0x1 ./Core/Src/main.o
                0x0000000020000574                stateI2C
 *fill*         0x0000000020000575        0x3 
 .bss.AMTGETPOS
                0x0000000020000578        0x2 ./Core/Src/main.o
                0x0000000020000578                AMTGETPOS
 .bss.AMTHbyte  0x000000002000057a        0x1 ./Core/Src/main.o
                0x000000002000057a                AMTHbyte
 .bss.AMTLbyte  0x000000002000057b        0x1 ./Core/Src/main.o
                0x000000002000057b                AMTLbyte
 .bss.AMTlogic_checkbit
                0x000000002000057c        0x1 ./Core/Src/main.o
                0x000000002000057c                AMTlogic_checkbit
 *fill*         0x000000002000057d        0x1 
 .bss.rawPos    0x000000002000057e        0x2 ./Core/Src/main.o
                0x000000002000057e                rawPos
 .bss.current_rad
                0x0000000020000580        0x4 ./Core/Src/main.o
                0x0000000020000580                current_rad
 .bss.current_rad_wrap
                0x0000000020000584        0x4 ./Core/Src/main.o
                0x0000000020000584                current_rad_wrap
 .bss.deg       0x0000000020000588        0x4 ./Core/Src/main.o
                0x0000000020000588                deg
 .bss.AMTstate  0x000000002000058c        0x1 ./Core/Src/main.o
                0x000000002000058c                AMTstate
 *fill*         0x000000002000058d        0x3 
 .bss.p_n       0x0000000020000590        0x4 ./Core/Src/main.o
                0x0000000020000590                p_n
 .bss.p_n_1     0x0000000020000594        0x4 ./Core/Src/main.o
                0x0000000020000594                p_n_1
 .bss.p_0       0x0000000020000598        0x4 ./Core/Src/main.o
                0x0000000020000598                p_0
 .bss.p_0_1     0x000000002000059c        0x4 ./Core/Src/main.o
                0x000000002000059c                p_0_1
 .bss.setzero   0x00000000200005a0        0x1 ./Core/Src/main.o
                0x00000000200005a0                setzero
 *fill*         0x00000000200005a1        0x7 
 .bss._micro    0x00000000200005a8        0x8 ./Core/Src/main.o
                0x00000000200005a8                _micro
 .bss.stop      0x00000000200005b0        0x1 ./Core/Src/main.o
                0x00000000200005b0                stop
 *fill*         0x00000000200005b1        0x3 
 .bss.kal_position
                0x00000000200005b4        0x4 ./Core/Src/main.o
                0x00000000200005b4                kal_position
 .bss.kal_velocity
                0x00000000200005b8        0x4 ./Core/Src/main.o
                0x00000000200005b8                kal_velocity
 .bss.kal_acceleration
                0x00000000200005bc        0x4 ./Core/Src/main.o
                0x00000000200005bc                kal_acceleration
 .bss.tra_pos   0x00000000200005c0        0x4 ./Core/Src/main.o
                0x00000000200005c0                tra_pos
 .bss.tra_velo  0x00000000200005c4        0x4 ./Core/Src/main.o
                0x00000000200005c4                tra_velo
 .bss.tra_acc   0x00000000200005c8        0x4 ./Core/Src/main.o
                0x00000000200005c8                tra_acc
 .bss.tb        0x00000000200005cc        0x4 ./Core/Src/main.o
 .bss.vb_n      0x00000000200005d0        0x4 ./Core/Src/main.o
 .bss.tf        0x00000000200005d4        0x4 ./Core/Src/main.o
 .bss.tua       0x00000000200005d8        0x4 ./Core/Src/main.o
                0x00000000200005d8                tua
 .bss.tuaall    0x00000000200005dc        0x4 ./Core/Src/main.o
 .bss.inputpos  0x00000000200005e0        0x4 ./Core/Src/main.o
                0x00000000200005e0                inputpos
 .bss.postotra  0x00000000200005e4        0x4 ./Core/Src/main.o
                0x00000000200005e4                postotra
 .bss.rad_before
                0x00000000200005e8        0x4 ./Core/Src/main.o
                0x00000000200005e8                rad_before
 .bss.update    0x00000000200005ec        0x1 ./Core/Src/main.o
                0x00000000200005ec                update
 .bss.blue      0x00000000200005ed        0x1 ./Core/Src/main.o
                0x00000000200005ed                blue
 .bss.start_tra
                0x00000000200005ee        0x1 ./Core/Src/main.o
                0x00000000200005ee                start_tra
 .bss.State     0x00000000200005ef        0x1 ./Core/Src/main.o
                0x00000000200005ef                State
 .bss.PIDon     0x00000000200005f0        0x1 ./Core/Src/main.o
                0x00000000200005f0                PIDon
 *fill*         0x00000000200005f1        0x3 
 .bss.ch_velo   0x00000000200005f4        0x4 ./Core/Src/main.o
                0x00000000200005f4                ch_velo
 .bss.finish    0x00000000200005f8        0x4 ./Core/Src/main.o
                0x00000000200005f8                finish
 .bss.ch        0x00000000200005fc        0x4 ./Core/Src/main.o
                0x00000000200005fc                ch
 .bss.integrator
                0x0000000020000600        0x4 ./Core/Src/main.o
                0x0000000020000600                integrator
 .bss.prevError
                0x0000000020000604        0x4 ./Core/Src/main.o
                0x0000000020000604                prevError
 .bss.differentiator
                0x0000000020000608        0x4 ./Core/Src/main.o
                0x0000000020000608                differentiator
 .bss.prevMeasurement
                0x000000002000060c        0x4 ./Core/Src/main.o
                0x000000002000060c                prevMeasurement
 .bss.integrator2
                0x0000000020000610        0x4 ./Core/Src/main.o
                0x0000000020000610                integrator2
 .bss.prevError2
                0x0000000020000614        0x4 ./Core/Src/main.o
                0x0000000020000614                prevError2
 .bss.differentiator2
                0x0000000020000618        0x4 ./Core/Src/main.o
                0x0000000020000618                differentiator2
 .bss.prevMeasurement2
                0x000000002000061c        0x4 ./Core/Src/main.o
                0x000000002000061c                prevMeasurement2
 .bss.PIDout    0x0000000020000620        0x4 ./Core/Src/main.o
                0x0000000020000620                PIDout
 .bss.poscommand
                0x0000000020000624        0x4 ./Core/Src/main.o
                0x0000000020000624                poscommand
 .bss.error     0x0000000020000628        0x4 ./Core/Src/main.o
                0x0000000020000628                error
 .bss.volt_controller
                0x000000002000062c        0x4 ./Core/Src/main.o
                0x000000002000062c                volt_controller
 .bss.DegAbs    0x0000000020000630       0x24 ./Core/Src/main.o
                0x0000000020000630                DegAbs
 .bss.multiply  0x0000000020000654       0x24 ./Core/Src/main.o
                0x0000000020000654                multiply
 .bss.pm3_3     0x0000000020000678       0x24 ./Core/Src/main.o
                0x0000000020000678                pm3_3
 .bss.collect3_3
                0x000000002000069c       0x24 ./Core/Src/main.o
                0x000000002000069c                collect3_3
 .bss.y_k       0x00000000200006c0       0x24 ./Core/Src/main.o
                0x00000000200006c0                y_k
 .bss.S_k       0x00000000200006e4       0x24 ./Core/Src/main.o
                0x00000000200006e4                S_k
 .bss.K_k       0x0000000020000708       0x24 ./Core/Src/main.o
                0x0000000020000708                K_k
 .bss.X_t       0x000000002000072c       0x24 ./Core/Src/main.o
                0x000000002000072c                X_t
 .bss.X_hat_t   0x0000000020000750       0x24 ./Core/Src/main.o
                0x0000000020000750                X_hat_t
 .bss.P_t       0x0000000020000774       0x24 ./Core/Src/main.o
                0x0000000020000774                P_t
 .bss.P_hat_t   0x0000000020000798       0x24 ./Core/Src/main.o
                0x0000000020000798                P_hat_t
 .bss.velo_lowpass
                0x00000000200007bc        0x4 ./Core/Src/main.o
                0x00000000200007bc                velo_lowpass
 .bss.prevlowpass
                0x00000000200007c0        0x4 ./Core/Src/main.o
                0x00000000200007c0                prevlowpass
 .bss.velo_diff
                0x00000000200007c4        0x4 ./Core/Src/main.o
                0x00000000200007c4                velo_diff
 .bss.prevPos   0x00000000200007c8        0x4 ./Core/Src/main.o
                0x00000000200007c8                prevPos
 .bss.pos_lowpass
                0x00000000200007cc        0x4 ./Core/Src/main.o
                0x00000000200007cc                pos_lowpass
 .bss.prevposlowpass
                0x00000000200007d0        0x4 ./Core/Src/main.o
                0x00000000200007d0                prevposlowpass
 .bss.prevPos2  0x00000000200007d4        0x4 ./Core/Src/main.o
                0x00000000200007d4                prevPos2
 .bss.volt_inverse
                0x00000000200007d8        0x4 ./Core/Src/main.o
                0x00000000200007d8                volt_inverse
 .bss.x_n       0x00000000200007dc        0x4 ./Core/Src/main.o
                0x00000000200007dc                x_n
 .bss.x_n_1     0x00000000200007e0        0x4 ./Core/Src/main.o
                0x00000000200007e0                x_n_1
 .bss.x_n_2     0x00000000200007e4        0x4 ./Core/Src/main.o
                0x00000000200007e4                x_n_2
 .bss.y_n_1     0x00000000200007e8        0x4 ./Core/Src/main.o
                0x00000000200007e8                y_n_1
 .bss.B1State2.6
                0x00000000200007ec        0x2 ./Core/Src/main.o
 *fill*         0x00000000200007ee        0x2 
 .bss.timeStamp.5
                0x00000000200007f0        0x8 ./Core/Src/main.o
 .bss.timeset3.4
                0x00000000200007f8        0x8 ./Core/Src/main.o
 .bss.timeset.3
                0x0000000020000800        0x8 ./Core/Src/main.o
 .bss.timeset2.2
                0x0000000020000808        0x8 ./Core/Src/main.o
 .bss.B1State.1
                0x0000000020000810        0x2 ./Core/Src/main.o
 .bss.B1Check.0
                0x0000000020000812        0x1 ./Core/Src/main.o
 *fill*         0x0000000020000813        0x1 
 .bss.uwTick    0x0000000020000814        0x4 ./Drivers/STM32F4xx_HAL_Driver/Src/stm32f4xx_hal.o
                0x0000000020000814                uwTick
 *(COMMON)
                0x0000000020000818                . = ALIGN (0x4)
                0x0000000020000818                _ebss = .
                0x0000000020000818                __bss_end__ = _ebss

._user_heap_stack
                0x0000000020000818      0x600 load address 0x000000000800be0c
                0x0000000020000818                . = ALIGN (0x8)
                [!provide]                        PROVIDE (end = .)
                0x0000000020000818                PROVIDE (_end = .)
                0x0000000020000a18                . = (. + _Min_Heap_Size)
 *fill*         0x0000000020000818      0x200 
                0x0000000020000e18                . = (. + _Min_Stack_Size)
 *fill*         0x0000000020000a18      0x400 
                0x0000000020000e18                . = ALIGN (0x8)

/DISCARD/
 libc.a(*)
 libm.a(*)
 libgcc.a(*)

.ARM.attributes
                0x0000000000000000       0x30
 *(.ARM.attributes)
 .ARM.attributes
                0x0000000000000000       0x1e c:/st/stm32cubeide_1.8.0/stm32cubeide/plugins/com.st.stm32cube.ide.mcu.externaltools.gnu-tools-for-stm32.10.3-2021.10.win32_1.0.0.202111181127/tools/bin/../lib/gcc/arm-none-eabi/10.3.1/thumb/v7e-m+fp/hard/crti.o
 .ARM.attributes
                0x000000000000001e       0x34 c:/st/stm32cubeide_1.8.0/stm32cubeide/plugins/com.st.stm32cube.ide.mcu.externaltools.gnu-tools-for-stm32.10.3-2021.10.win32_1.0.0.202111181127/tools/bin/../lib/gcc/arm-none-eabi/10.3.1/thumb/v7e-m+fp/hard/crtbegin.o
 .ARM.attributes
                0x0000000000000052       0x34 ./Core/Src/main.o
 .ARM.attributes
                0x0000000000000086       0x34 ./Core/Src/stm32f4xx_hal_msp.o
 .ARM.attributes
                0x00000000000000ba       0x34 ./Core/Src/stm32f4xx_it.o
 .ARM.attributes
                0x00000000000000ee       0x34 ./Core/Src/system_stm32f4xx.o
 .ARM.attributes
                0x0000000000000122       0x21 ./Core/Startup/startup_stm32f411retx.o
 .ARM.attributes
                0x0000000000000143       0x34 ./Drivers/STM32F4xx_HAL_Driver/Src/stm32f4xx_hal.o
 .ARM.attributes
                0x0000000000000177       0x34 ./Drivers/STM32F4xx_HAL_Driver/Src/stm32f4xx_hal_cortex.o
 .ARM.attributes
                0x00000000000001ab       0x34 ./Drivers/STM32F4xx_HAL_Driver/Src/stm32f4xx_hal_dma.o
 .ARM.attributes
                0x00000000000001df       0x34 ./Drivers/STM32F4xx_HAL_Driver/Src/stm32f4xx_hal_gpio.o
 .ARM.attributes
                0x0000000000000213       0x34 ./Drivers/STM32F4xx_HAL_Driver/Src/stm32f4xx_hal_i2c.o
 .ARM.attributes
                0x0000000000000247       0x34 ./Drivers/STM32F4xx_HAL_Driver/Src/stm32f4xx_hal_rcc.o
 .ARM.attributes
                0x000000000000027b       0x34 ./Drivers/STM32F4xx_HAL_Driver/Src/stm32f4xx_hal_spi.o
 .ARM.attributes
                0x00000000000002af       0x34 ./Drivers/STM32F4xx_HAL_Driver/Src/stm32f4xx_hal_tim.o
 .ARM.attributes
                0x00000000000002e3       0x34 ./Drivers/STM32F4xx_HAL_Driver/Src/stm32f4xx_hal_tim_ex.o
 .ARM.attributes
                0x0000000000000317       0x34 ./Drivers/STM32F4xx_HAL_Driver/Src/stm32f4xx_hal_uart.o
 .ARM.attributes
                0x000000000000034b       0x34 c:/st/stm32cubeide_1.8.0/stm32cubeide/plugins/com.st.stm32cube.ide.mcu.externaltools.gnu-tools-for-stm32.10.3-2021.10.win32_1.0.0.202111181127/tools/bin/../lib/gcc/arm-none-eabi/10.3.1/../../../../arm-none-eabi/lib/thumb/v7e-m+fp/hard\libc_nano.a(lib_a-errno.o)
 .ARM.attributes
                0x000000000000037f       0x34 c:/st/stm32cubeide_1.8.0/stm32cubeide/plugins/com.st.stm32cube.ide.mcu.externaltools.gnu-tools-for-stm32.10.3-2021.10.win32_1.0.0.202111181127/tools/bin/../lib/gcc/arm-none-eabi/10.3.1/../../../../arm-none-eabi/lib/thumb/v7e-m+fp/hard\libc_nano.a(lib_a-impure.o)
 .ARM.attributes
                0x00000000000003b3       0x34 c:/st/stm32cubeide_1.8.0/stm32cubeide/plugins/com.st.stm32cube.ide.mcu.externaltools.gnu-tools-for-stm32.10.3-2021.10.win32_1.0.0.202111181127/tools/bin/../lib/gcc/arm-none-eabi/10.3.1/../../../../arm-none-eabi/lib/thumb/v7e-m+fp/hard\libc_nano.a(lib_a-init.o)
 .ARM.attributes
                0x00000000000003e7       0x34 c:/st/stm32cubeide_1.8.0/stm32cubeide/plugins/com.st.stm32cube.ide.mcu.externaltools.gnu-tools-for-stm32.10.3-2021.10.win32_1.0.0.202111181127/tools/bin/../lib/gcc/arm-none-eabi/10.3.1/../../../../arm-none-eabi/lib/thumb/v7e-m+fp/hard\libc_nano.a(lib_a-memset.o)
 .ARM.attributes
                0x000000000000041b       0x34 c:/st/stm32cubeide_1.8.0/stm32cubeide/plugins/com.st.stm32cube.ide.mcu.externaltools.gnu-tools-for-stm32.10.3-2021.10.win32_1.0.0.202111181127/tools/bin/../lib/gcc/arm-none-eabi/10.3.1/../../../../arm-none-eabi/lib/thumb/v7e-m+fp/hard\libm.a(lib_a-w_sqrt.o)
 .ARM.attributes
                0x000000000000044f       0x34 c:/st/stm32cubeide_1.8.0/stm32cubeide/plugins/com.st.stm32cube.ide.mcu.externaltools.gnu-tools-for-stm32.10.3-2021.10.win32_1.0.0.202111181127/tools/bin/../lib/gcc/arm-none-eabi/10.3.1/../../../../arm-none-eabi/lib/thumb/v7e-m+fp/hard\libm.a(lib_a-e_sqrt.o)
 .ARM.attributes
                0x0000000000000483       0x1e c:/st/stm32cubeide_1.8.0/stm32cubeide/plugins/com.st.stm32cube.ide.mcu.externaltools.gnu-tools-for-stm32.10.3-2021.10.win32_1.0.0.202111181127/tools/bin/../lib/gcc/arm-none-eabi/10.3.1/thumb/v7e-m+fp/hard\libgcc.a(_arm_addsubdf3.o)
 .ARM.attributes
                0x00000000000004a1       0x1e c:/st/stm32cubeide_1.8.0/stm32cubeide/plugins/com.st.stm32cube.ide.mcu.externaltools.gnu-tools-for-stm32.10.3-2021.10.win32_1.0.0.202111181127/tools/bin/../lib/gcc/arm-none-eabi/10.3.1/thumb/v7e-m+fp/hard\libgcc.a(_arm_muldivdf3.o)
 .ARM.attributes
                0x00000000000004bf       0x1e c:/st/stm32cubeide_1.8.0/stm32cubeide/plugins/com.st.stm32cube.ide.mcu.externaltools.gnu-tools-for-stm32.10.3-2021.10.win32_1.0.0.202111181127/tools/bin/../lib/gcc/arm-none-eabi/10.3.1/thumb/v7e-m+fp/hard\libgcc.a(_arm_cmpdf2.o)
 .ARM.attributes
                0x00000000000004dd       0x1e c:/st/stm32cubeide_1.8.0/stm32cubeide/plugins/com.st.stm32cube.ide.mcu.externaltools.gnu-tools-for-stm32.10.3-2021.10.win32_1.0.0.202111181127/tools/bin/../lib/gcc/arm-none-eabi/10.3.1/thumb/v7e-m+fp/hard\libgcc.a(_arm_unorddf2.o)
 .ARM.attributes
                0x00000000000004fb       0x1e c:/st/stm32cubeide_1.8.0/stm32cubeide/plugins/com.st.stm32cube.ide.mcu.externaltools.gnu-tools-for-stm32.10.3-2021.10.win32_1.0.0.202111181127/tools/bin/../lib/gcc/arm-none-eabi/10.3.1/thumb/v7e-m+fp/hard\libgcc.a(_arm_fixunsdfsi.o)
 .ARM.attributes
                0x0000000000000519       0x1e c:/st/stm32cubeide_1.8.0/stm32cubeide/plugins/com.st.stm32cube.ide.mcu.externaltools.gnu-tools-for-stm32.10.3-2021.10.win32_1.0.0.202111181127/tools/bin/../lib/gcc/arm-none-eabi/10.3.1/thumb/v7e-m+fp/hard\libgcc.a(_arm_truncdfsf2.o)
 .ARM.attributes
                0x0000000000000537       0x1e c:/st/stm32cubeide_1.8.0/stm32cubeide/plugins/com.st.stm32cube.ide.mcu.externaltools.gnu-tools-for-stm32.10.3-2021.10.win32_1.0.0.202111181127/tools/bin/../lib/gcc/arm-none-eabi/10.3.1/thumb/v7e-m+fp/hard\libgcc.a(_aeabi_uldivmod.o)
 .ARM.attributes
                0x0000000000000555       0x34 c:/st/stm32cubeide_1.8.0/stm32cubeide/plugins/com.st.stm32cube.ide.mcu.externaltools.gnu-tools-for-stm32.10.3-2021.10.win32_1.0.0.202111181127/tools/bin/../lib/gcc/arm-none-eabi/10.3.1/thumb/v7e-m+fp/hard\libgcc.a(_udivmoddi4.o)
 .ARM.attributes
                0x0000000000000589       0x1e c:/st/stm32cubeide_1.8.0/stm32cubeide/plugins/com.st.stm32cube.ide.mcu.externaltools.gnu-tools-for-stm32.10.3-2021.10.win32_1.0.0.202111181127/tools/bin/../lib/gcc/arm-none-eabi/10.3.1/thumb/v7e-m+fp/hard\libgcc.a(_dvmd_tls.o)
 .ARM.attributes
                0x00000000000005a7       0x1e c:/st/stm32cubeide_1.8.0/stm32cubeide/plugins/com.st.stm32cube.ide.mcu.externaltools.gnu-tools-for-stm32.10.3-2021.10.win32_1.0.0.202111181127/tools/bin/../lib/gcc/arm-none-eabi/10.3.1/thumb/v7e-m+fp/hard/crtn.o
OUTPUT(UARTs.elf elf32-littlearm)
LOAD linker stubs
LOAD c:/st/stm32cubeide_1.8.0/stm32cubeide/plugins/com.st.stm32cube.ide.mcu.externaltools.gnu-tools-for-stm32.10.3-2021.10.win32_1.0.0.202111181127/tools/bin/../lib/gcc/arm-none-eabi/10.3.1/../../../../arm-none-eabi/lib/thumb/v7e-m+fp/hard\libc.a
LOAD c:/st/stm32cubeide_1.8.0/stm32cubeide/plugins/com.st.stm32cube.ide.mcu.externaltools.gnu-tools-for-stm32.10.3-2021.10.win32_1.0.0.202111181127/tools/bin/../lib/gcc/arm-none-eabi/10.3.1/../../../../arm-none-eabi/lib/thumb/v7e-m+fp/hard\libm.a
LOAD c:/st/stm32cubeide_1.8.0/stm32cubeide/plugins/com.st.stm32cube.ide.mcu.externaltools.gnu-tools-for-stm32.10.3-2021.10.win32_1.0.0.202111181127/tools/bin/../lib/gcc/arm-none-eabi/10.3.1/thumb/v7e-m+fp/hard\libgcc.a

.debug_info     0x0000000000000000    0x13bf5
 .debug_info    0x0000000000000000     0x2db1 ./Core/Src/main.o
 .debug_info    0x0000000000002db1     0x16af ./Core/Src/stm32f4xx_hal_msp.o
 .debug_info    0x0000000000004460     0x1089 ./Core/Src/stm32f4xx_it.o
 .debug_info    0x00000000000054e9      0x54f ./Core/Src/system_stm32f4xx.o
 .debug_info    0x0000000000005a38       0x22 ./Core/Startup/startup_stm32f411retx.o
 .debug_info    0x0000000000005a5a      0x90d ./Drivers/STM32F4xx_HAL_Driver/Src/stm32f4xx_hal.o
 .debug_info    0x0000000000006367      0xd8b ./Drivers/STM32F4xx_HAL_Driver/Src/stm32f4xx_hal_cortex.o
 .debug_info    0x00000000000070f2      0x947 ./Drivers/STM32F4xx_HAL_Driver/Src/stm32f4xx_hal_dma.o
 .debug_info    0x0000000000007a39      0x78e ./Drivers/STM32F4xx_HAL_Driver/Src/stm32f4xx_hal_gpio.o
 .debug_info    0x00000000000081c7     0x260f ./Drivers/STM32F4xx_HAL_Driver/Src/stm32f4xx_hal_i2c.o
 .debug_info    0x000000000000a7d6      0x98d ./Drivers/STM32F4xx_HAL_Driver/Src/stm32f4xx_hal_rcc.o
 .debug_info    0x000000000000b163     0x1750 ./Drivers/STM32F4xx_HAL_Driver/Src/stm32f4xx_hal_spi.o
 .debug_info    0x000000000000c8b3     0x2bb6 ./Drivers/STM32F4xx_HAL_Driver/Src/stm32f4xx_hal_tim.o
 .debug_info    0x000000000000f469     0x15d8 ./Drivers/STM32F4xx_HAL_Driver/Src/stm32f4xx_hal_tim_ex.o
 .debug_info    0x0000000000010a41     0x31b4 ./Drivers/STM32F4xx_HAL_Driver/Src/stm32f4xx_hal_uart.o

.debug_abbrev   0x0000000000000000     0x2185
 .debug_abbrev  0x0000000000000000      0x36f ./Core/Src/main.o
 .debug_abbrev  0x000000000000036f      0x247 ./Core/Src/stm32f4xx_hal_msp.o
 .debug_abbrev  0x00000000000005b6      0x1cb ./Core/Src/stm32f4xx_it.o
 .debug_abbrev  0x0000000000000781      0x116 ./Core/Src/system_stm32f4xx.o
 .debug_abbrev  0x0000000000000897       0x12 ./Core/Startup/startup_stm32f411retx.o
 .debug_abbrev  0x00000000000008a9      0x23e ./Drivers/STM32F4xx_HAL_Driver/Src/stm32f4xx_hal.o
 .debug_abbrev  0x0000000000000ae7      0x316 ./Drivers/STM32F4xx_HAL_Driver/Src/stm32f4xx_hal_cortex.o
 .debug_abbrev  0x0000000000000dfd      0x21b ./Drivers/STM32F4xx_HAL_Driver/Src/stm32f4xx_hal_dma.o
 .debug_abbrev  0x0000000000001018      0x1c4 ./Drivers/STM32F4xx_HAL_Driver/Src/stm32f4xx_hal_gpio.o
 .debug_abbrev  0x00000000000011dc      0x2a8 ./Drivers/STM32F4xx_HAL_Driver/Src/stm32f4xx_hal_i2c.o
 .debug_abbrev  0x0000000000001484      0x2aa ./Drivers/STM32F4xx_HAL_Driver/Src/stm32f4xx_hal_rcc.o
 .debug_abbrev  0x000000000000172e      0x26e ./Drivers/STM32F4xx_HAL_Driver/Src/stm32f4xx_hal_spi.o
 .debug_abbrev  0x000000000000199c      0x26e ./Drivers/STM32F4xx_HAL_Driver/Src/stm32f4xx_hal_tim.o
 .debug_abbrev  0x0000000000001c0a      0x276 ./Drivers/STM32F4xx_HAL_Driver/Src/stm32f4xx_hal_tim_ex.o
 .debug_abbrev  0x0000000000001e80      0x305 ./Drivers/STM32F4xx_HAL_Driver/Src/stm32f4xx_hal_uart.o

.debug_aranges  0x0000000000000000     0x1218
 .debug_aranges
                0x0000000000000000      0x180 ./Core/Src/main.o
 .debug_aranges
                0x0000000000000180       0x68 ./Core/Src/stm32f4xx_hal_msp.o
 .debug_aranges
                0x00000000000001e8       0xc0 ./Core/Src/stm32f4xx_it.o
 .debug_aranges
                0x00000000000002a8       0x28 ./Core/Src/system_stm32f4xx.o
 .debug_aranges
                0x00000000000002d0       0x28 ./Core/Startup/startup_stm32f411retx.o
 .debug_aranges
                0x00000000000002f8       0xf0 ./Drivers/STM32F4xx_HAL_Driver/Src/stm32f4xx_hal.o
 .debug_aranges
                0x00000000000003e8      0x118 ./Drivers/STM32F4xx_HAL_Driver/Src/stm32f4xx_hal_cortex.o
 .debug_aranges
                0x0000000000000500       0x90 ./Drivers/STM32F4xx_HAL_Driver/Src/stm32f4xx_hal_dma.o
 .debug_aranges
                0x0000000000000590       0x58 ./Drivers/STM32F4xx_HAL_Driver/Src/stm32f4xx_hal_gpio.o
 .debug_aranges
                0x00000000000005e8      0x2a0 ./Drivers/STM32F4xx_HAL_Driver/Src/stm32f4xx_hal_i2c.o
 .debug_aranges
                0x0000000000000888       0x88 ./Drivers/STM32F4xx_HAL_Driver/Src/stm32f4xx_hal_rcc.o
 .debug_aranges
                0x0000000000000910      0x1d0 ./Drivers/STM32F4xx_HAL_Driver/Src/stm32f4xx_hal_spi.o
 .debug_aranges
                0x0000000000000ae0      0x3d0 ./Drivers/STM32F4xx_HAL_Driver/Src/stm32f4xx_hal_tim.o
 .debug_aranges
                0x0000000000000eb0      0x168 ./Drivers/STM32F4xx_HAL_Driver/Src/stm32f4xx_hal_tim_ex.o
 .debug_aranges
                0x0000000000001018      0x200 ./Drivers/STM32F4xx_HAL_Driver/Src/stm32f4xx_hal_uart.o

.debug_ranges   0x0000000000000000     0x1178
 .debug_ranges  0x0000000000000000      0x170 ./Core/Src/main.o
 .debug_ranges  0x0000000000000170       0x58 ./Core/Src/stm32f4xx_hal_msp.o
 .debug_ranges  0x00000000000001c8       0xb0 ./Core/Src/stm32f4xx_it.o
 .debug_ranges  0x0000000000000278       0x18 ./Core/Src/system_stm32f4xx.o
 .debug_ranges  0x0000000000000290       0x20 ./Core/Startup/startup_stm32f411retx.o
 .debug_ranges  0x00000000000002b0       0xe0 ./Drivers/STM32F4xx_HAL_Driver/Src/stm32f4xx_hal.o
 .debug_ranges  0x0000000000000390      0x108 ./Drivers/STM32F4xx_HAL_Driver/Src/stm32f4xx_hal_cortex.o
 .debug_ranges  0x0000000000000498       0x80 ./Drivers/STM32F4xx_HAL_Driver/Src/stm32f4xx_hal_dma.o
 .debug_ranges  0x0000000000000518       0x48 ./Drivers/STM32F4xx_HAL_Driver/Src/stm32f4xx_hal_gpio.o
 .debug_ranges  0x0000000000000560      0x2a8 ./Drivers/STM32F4xx_HAL_Driver/Src/stm32f4xx_hal_i2c.o
 .debug_ranges  0x0000000000000808       0x78 ./Drivers/STM32F4xx_HAL_Driver/Src/stm32f4xx_hal_rcc.o
 .debug_ranges  0x0000000000000880      0x1c0 ./Drivers/STM32F4xx_HAL_Driver/Src/stm32f4xx_hal_spi.o
 .debug_ranges  0x0000000000000a40      0x3c0 ./Drivers/STM32F4xx_HAL_Driver/Src/stm32f4xx_hal_tim.o
 .debug_ranges  0x0000000000000e00      0x158 ./Drivers/STM32F4xx_HAL_Driver/Src/stm32f4xx_hal_tim_ex.o
 .debug_ranges  0x0000000000000f58      0x220 ./Drivers/STM32F4xx_HAL_Driver/Src/stm32f4xx_hal_uart.o

.debug_macro    0x0000000000000000    0x170e6
 .debug_macro   0x0000000000000000      0x3f4 ./Core/Src/main.o
 .debug_macro   0x00000000000003f4      0xa78 ./Core/Src/main.o
 .debug_macro   0x0000000000000e6c      0x2a7 ./Core/Src/main.o
 .debug_macro   0x0000000000001113       0x2e ./Core/Src/main.o
 .debug_macro   0x0000000000001141       0x28 ./Core/Src/main.o
 .debug_macro   0x0000000000001169       0x22 ./Core/Src/main.o
 .debug_macro   0x000000000000118b       0x8e ./Core/Src/main.o
 .debug_macro   0x0000000000001219       0x51 ./Core/Src/main.o