../Core/Src/main.c:283:5:main	48	static
../Core/Src/main.c:631:6:SystemClock_Config	88	static
../Core/Src/main.c:678:13:MX_I2C1_Init	8	static
../Core/Src/main.c:712:13:MX_SPI3_Init	8	static
../Core/Src/main.c:750:13:MX_TIM2_Init	64	static
../Core/Src/main.c:813:13:MX_TIM11_Init	8	static
../Core/Src/main.c:844:13:MX_USART2_UART_Init	8	static
../Core/Src/main.c:875:13:MX_DMA_Init	16	static
../Core/Src/main.c:902:13:MX_GPIO_Init	48	static
../Core/Src/main.c:966:6:CascadeController	56	static
../Core/Src/main.c:1104:6:reset	8	static
../Core/Src/main.c:1116:6:inverse_tran	16	static
../Core/Src/main.c:1123:6:velo	8	static
../Core/Src/main.c:1133:6:lowpass	16	static
../Core/Src/main.c:1140:6:prediction	40	static
../Core/Src/main.c:1152:6:Update	40	static
../Core/Src/main.c:1180:6:Multiply_matrix	32	static
../Core/Src/main.c:1199:6:PlusOrMinus	32	static
../Core/Src/main.c:1226:6:equal	32	static
../Core/Src/main.c:1237:6:Trajectory	40	static
../Core/Src/main.c:1300:6:Drivemotor	24	static
../Core/Src/main.c:1319:6:NFcontacton	16	static
../Core/Src/main.c:1325:6:NFgetstate	16	static
../Core/Src/main.c:1336:6:AMT222getpos	16	static
../Core/Src/main.c:1375:6:HAL_SPI_TxRxCpltCallback	16	static
../Core/Src/main.c:1390:9:AMT222checkbit	24	static
../Core/Src/main.c:1410:6:unwrapping	4	static
../Core/Src/main.c:1430:6:microsecDelay	24	static
../Core/Src/main.c:1439:10:aaabs	16	static
../Core/Src/main.c:1448:6:HAL_GPIO_EXTI_Callback	16	static
../Core/Src/main.c:1466:6:HAL_TIM_PeriodElapsedCallback	24	static
../Core/Src/main.c:1473:10:micros	12	static
../Core/Src/main.c:1480:6:callUART	16	static
../Core/Src/main.c:1571:6:responseUART	32	static
../Core/Src/main.c:1859:10:tranStation	16	static
../Core/Src/main.c:1894:6:destinationACK	8	static
../Core/Src/main.c:1910:9:frameConfig	16	static
../Core/Src/main.c:1923:9:checkSum	16	static
../Core/Src/main.c:1928:9:frameSum	24	static
../Core/Src/main.c:1936:6:HAL_UART_RxCpltCallback	16	static
../Core/Src/main.c:1948:6:Error_Handler	4	static,ignoring_inline_asm
