../Core/Src/main.c:296:5:main	80	static
../Core/Src/main.c:595:6:SystemClock_Config	88	static
../Core/Src/main.c:642:13:MX_I2C1_Init	8	static
../Core/Src/main.c:676:13:MX_SPI3_Init	8	static
../Core/Src/main.c:714:13:MX_TIM2_Init	64	static
../Core/Src/main.c:773:13:MX_TIM11_Init	8	static
../Core/Src/main.c:804:13:MX_USART2_UART_Init	8	static
../Core/Src/main.c:835:13:MX_DMA_Init	16	static
../Core/Src/main.c:862:13:MX_GPIO_Init	48	static
../Core/Src/main.c:926:6:CascadeController	56	static
../Core/Src/main.c:1113:6:reset	8	static
../Core/Src/main.c:1122:6:set_initial	8	static
../Core/Src/main.c:1143:6:set_home	8	static
../Core/Src/main.c:1154:6:MoveToStation	8	static
../Core/Src/main.c:1195:6:inverse_tran	16	static
../Core/Src/main.c:1202:6:lowpass	16	static
../Core/Src/main.c:1209:6:Diff_velo	8	static
../Core/Src/main.c:1215:6:Kalman_filter	16	static
../Core/Src/main.c:1225:6:prediction	40	static
../Core/Src/main.c:1237:6:Update	40	static
../Core/Src/main.c:1265:6:Multiply_matrix	32	static
../Core/Src/main.c:1284:6:PlusOrMinus	32	static
../Core/Src/main.c:1311:6:equal	32	static
../Core/Src/main.c:1322:6:Trajectory	40	static
../Core/Src/main.c:1383:6:Drivemotor	16	static
../Core/Src/main.c:1419:6:NFcontacton	16	static
../Core/Src/main.c:1425:6:NFgetstate	16	static
../Core/Src/main.c:1436:6:AMT222getpos	16	static
../Core/Src/main.c:1482:6:HAL_SPI_TxRxCpltCallback	16	static
../Core/Src/main.c:1497:9:AMT222checkbit	24	static
../Core/Src/main.c:1517:6:unwrapping	4	static
../Core/Src/main.c:1537:6:microsecDelay	24	static
../Core/Src/main.c:1546:10:aaabs	16	static
../Core/Src/main.c:1555:6:HAL_GPIO_EXTI_Callback	16	static
../Core/Src/main.c:1577:6:HAL_TIM_PeriodElapsedCallback	24	static
../Core/Src/main.c:1584:10:micros	12	static
../Core/Src/main.c:1591:6:callUART	16	static
../Core/Src/main.c:1682:6:responseUART	24	static
../Core/Src/main.c:1977:10:tranStation	16	static
../Core/Src/main.c:2012:6:destinationACK	8	static
../Core/Src/main.c:2028:9:frameConfig	16	static
../Core/Src/main.c:2041:9:checkSum	16	static
../Core/Src/main.c:2046:9:frameSum	24	static
../Core/Src/main.c:2054:6:HAL_UART_RxCpltCallback	16	static
../Core/Src/main.c:2066:6:Error_Handler	4	static,ignoring_inline_asm
