../Core/Src/main.c:292:5:main	40	static
../Core/Src/main.c:565:6:SystemClock_Config	88	static
../Core/Src/main.c:612:13:MX_I2C1_Init	8	static
../Core/Src/main.c:646:13:MX_SPI3_Init	8	static
../Core/Src/main.c:684:13:MX_TIM2_Init	64	static
../Core/Src/main.c:747:13:MX_TIM11_Init	8	static
../Core/Src/main.c:778:13:MX_USART2_UART_Init	8	static
../Core/Src/main.c:809:13:MX_DMA_Init	16	static
../Core/Src/main.c:836:13:MX_GPIO_Init	48	static
../Core/Src/main.c:900:6:CascadeController	56	static
../Core/Src/main.c:1051:6:reset	8	static
../Core/Src/main.c:1060:6:set_initial	8	static
../Core/Src/main.c:1081:6:set_home	8	static
../Core/Src/main.c:1092:6:MoveToStation	8	static
../Core/Src/main.c:1134:6:inverse_tran	16	static
../Core/Src/main.c:1141:6:lowpass	16	static
../Core/Src/main.c:1148:6:Diff_velo	8	static
../Core/Src/main.c:1154:6:Kalman_filter	16	static
../Core/Src/main.c:1164:6:prediction	40	static
../Core/Src/main.c:1176:6:Update	40	static
../Core/Src/main.c:1204:6:Multiply_matrix	32	static
../Core/Src/main.c:1223:6:PlusOrMinus	32	static
../Core/Src/main.c:1250:6:equal	32	static
../Core/Src/main.c:1261:6:Trajectory	40	static
../Core/Src/main.c:1323:6:Drivemotor	24	static
../Core/Src/main.c:1342:6:NFcontacton	16	static
../Core/Src/main.c:1348:6:NFgetstate	16	static
../Core/Src/main.c:1359:6:AMT222getpos	16	static
../Core/Src/main.c:1405:6:HAL_SPI_TxRxCpltCallback	16	static
../Core/Src/main.c:1420:9:AMT222checkbit	24	static
../Core/Src/main.c:1440:6:unwrapping	4	static
../Core/Src/main.c:1460:6:microsecDelay	24	static
../Core/Src/main.c:1469:10:aaabs	16	static
../Core/Src/main.c:1478:6:HAL_GPIO_EXTI_Callback	16	static
../Core/Src/main.c:1496:6:HAL_TIM_PeriodElapsedCallback	24	static
../Core/Src/main.c:1503:10:micros	12	static
../Core/Src/main.c:1510:6:callUART	16	static
../Core/Src/main.c:1601:6:responseUART	24	static
../Core/Src/main.c:1890:10:tranStation	16	static
../Core/Src/main.c:1925:6:destinationACK	8	static
../Core/Src/main.c:1941:9:frameConfig	16	static
../Core/Src/main.c:1954:9:checkSum	16	static
../Core/Src/main.c:1959:9:frameSum	24	static
../Core/Src/main.c:1967:6:HAL_UART_RxCpltCallback	16	static
../Core/Src/main.c:1979:6:Error_Handler	4	static,ignoring_inline_asm
