../Core/Src/main.c:290:5:main	40	static
../Core/Src/main.c:568:6:SystemClock_Config	88	static
../Core/Src/main.c:615:13:MX_I2C1_Init	8	static
../Core/Src/main.c:649:13:MX_SPI3_Init	8	static
../Core/Src/main.c:687:13:MX_TIM2_Init	64	static
../Core/Src/main.c:750:13:MX_TIM11_Init	8	static
../Core/Src/main.c:781:13:MX_USART2_UART_Init	8	static
../Core/Src/main.c:812:13:MX_DMA_Init	16	static
../Core/Src/main.c:839:13:MX_GPIO_Init	48	static
../Core/Src/main.c:903:6:CascadeController	56	static
../Core/Src/main.c:1054:6:reset	8	static
../Core/Src/main.c:1063:6:set_home	8	static
../Core/Src/main.c:1086:6:MoveToStation	8	static
../Core/Src/main.c:1118:6:inverse_tran	16	static
../Core/Src/main.c:1125:6:lowpass	16	static
../Core/Src/main.c:1132:6:Diff_velo	8	static
../Core/Src/main.c:1138:6:Kalman_filter	16	static
../Core/Src/main.c:1148:6:prediction	40	static
../Core/Src/main.c:1160:6:Update	40	static
../Core/Src/main.c:1188:6:Multiply_matrix	32	static
../Core/Src/main.c:1207:6:PlusOrMinus	32	static
../Core/Src/main.c:1234:6:equal	32	static
../Core/Src/main.c:1245:6:Trajectory	40	static
../Core/Src/main.c:1307:6:Drivemotor	24	static
../Core/Src/main.c:1326:6:NFcontacton	16	static
../Core/Src/main.c:1332:6:NFgetstate	16	static
../Core/Src/main.c:1343:6:AMT222getpos	16	static
../Core/Src/main.c:1386:6:HAL_SPI_TxRxCpltCallback	16	static
../Core/Src/main.c:1401:9:AMT222checkbit	24	static
../Core/Src/main.c:1421:6:unwrapping	4	static
../Core/Src/main.c:1441:6:microsecDelay	24	static
../Core/Src/main.c:1450:10:aaabs	16	static
../Core/Src/main.c:1459:6:HAL_GPIO_EXTI_Callback	16	static
../Core/Src/main.c:1477:6:HAL_TIM_PeriodElapsedCallback	24	static
../Core/Src/main.c:1484:10:micros	12	static
../Core/Src/main.c:1491:6:callUART	16	static
../Core/Src/main.c:1582:6:responseUART	32	static
../Core/Src/main.c:1870:10:tranStation	16	static
../Core/Src/main.c:1905:6:destinationACK	8	static
../Core/Src/main.c:1921:9:frameConfig	16	static
../Core/Src/main.c:1934:9:checkSum	16	static
../Core/Src/main.c:1939:9:frameSum	24	static
../Core/Src/main.c:1947:6:HAL_UART_RxCpltCallback	16	static
../Core/Src/main.c:1959:6:Error_Handler	4	static,ignoring_inline_asm
