../Core/Src/main.c:294:5:main	40	static
../Core/Src/main.c:573:6:SystemClock_Config	88	static
../Core/Src/main.c:620:13:MX_I2C1_Init	8	static
../Core/Src/main.c:654:13:MX_SPI3_Init	8	static
../Core/Src/main.c:692:13:MX_TIM2_Init	64	static
../Core/Src/main.c:755:13:MX_TIM11_Init	8	static
../Core/Src/main.c:786:13:MX_USART2_UART_Init	8	static
../Core/Src/main.c:817:13:MX_DMA_Init	16	static
../Core/Src/main.c:844:13:MX_GPIO_Init	48	static
../Core/Src/main.c:908:6:CascadeController	56	static
../Core/Src/main.c:1059:6:reset	8	static
../Core/Src/main.c:1068:6:set_initial	8	static
../Core/Src/main.c:1089:6:set_home	8	static
../Core/Src/main.c:1100:6:MoveToStation	8	static
../Core/Src/main.c:1141:6:inverse_tran	16	static
../Core/Src/main.c:1148:6:lowpass	16	static
../Core/Src/main.c:1155:6:Diff_velo	8	static
../Core/Src/main.c:1161:6:Kalman_filter	16	static
../Core/Src/main.c:1171:6:prediction	40	static
../Core/Src/main.c:1183:6:Update	40	static
../Core/Src/main.c:1211:6:Multiply_matrix	32	static
../Core/Src/main.c:1230:6:PlusOrMinus	32	static
../Core/Src/main.c:1257:6:equal	32	static
../Core/Src/main.c:1268:6:Trajectory	40	static
../Core/Src/main.c:1330:6:Drivemotor	24	static
../Core/Src/main.c:1349:6:NFcontacton	16	static
../Core/Src/main.c:1355:6:NFgetstate	16	static
../Core/Src/main.c:1366:6:AMT222getpos	16	static
../Core/Src/main.c:1412:6:HAL_SPI_TxRxCpltCallback	16	static
../Core/Src/main.c:1427:9:AMT222checkbit	24	static
../Core/Src/main.c:1447:6:unwrapping	4	static
../Core/Src/main.c:1467:6:microsecDelay	24	static
../Core/Src/main.c:1476:10:aaabs	16	static
../Core/Src/main.c:1485:6:HAL_GPIO_EXTI_Callback	16	static
../Core/Src/main.c:1507:6:HAL_TIM_PeriodElapsedCallback	24	static
../Core/Src/main.c:1514:10:micros	12	static
../Core/Src/main.c:1521:6:callUART	16	static
../Core/Src/main.c:1612:6:responseUART	24	static
../Core/Src/main.c:1907:10:tranStation	16	static
../Core/Src/main.c:1942:6:destinationACK	8	static
../Core/Src/main.c:1958:9:frameConfig	16	static
../Core/Src/main.c:1971:9:checkSum	16	static
../Core/Src/main.c:1976:9:frameSum	24	static
../Core/Src/main.c:1984:6:HAL_UART_RxCpltCallback	16	static
../Core/Src/main.c:1996:6:Error_Handler	4	static,ignoring_inline_asm
